Archive member included to satisfy reference by file (symbol)

e:/program files (x86)/atmel/studio/7.0/toolchain/avr8/avr8-gnu-toolchain/bin/../lib/gcc/avr/4.9.2/../../../../avr/lib/avrxmega6\libm.a(addsf3.o)
                              src/RegulatorPID.o (__subsf3)
e:/program files (x86)/atmel/studio/7.0/toolchain/avr8/avr8-gnu-toolchain/bin/../lib/gcc/avr/4.9.2/../../../../avr/lib/avrxmega6\libm.a(addsf3x.o)
                              e:/program files (x86)/atmel/studio/7.0/toolchain/avr8/avr8-gnu-toolchain/bin/../lib/gcc/avr/4.9.2/../../../../avr/lib/avrxmega6\libm.a(addsf3.o) (__addsf3x)
e:/program files (x86)/atmel/studio/7.0/toolchain/avr8/avr8-gnu-toolchain/bin/../lib/gcc/avr/4.9.2/../../../../avr/lib/avrxmega6\libm.a(fixunssfsi.o)
                              src/Wahadlo.o (__fixunssfsi)
e:/program files (x86)/atmel/studio/7.0/toolchain/avr8/avr8-gnu-toolchain/bin/../lib/gcc/avr/4.9.2/../../../../avr/lib/avrxmega6\libm.a(floatsisf.o)
                              src/RegulatorPID.o (__floatunsisf)
e:/program files (x86)/atmel/studio/7.0/toolchain/avr8/avr8-gnu-toolchain/bin/../lib/gcc/avr/4.9.2/../../../../avr/lib/avrxmega6\libm.a(fp_inf.o)
                              e:/program files (x86)/atmel/studio/7.0/toolchain/avr8/avr8-gnu-toolchain/bin/../lib/gcc/avr/4.9.2/../../../../avr/lib/avrxmega6\libm.a(addsf3x.o) (__fp_inf)
e:/program files (x86)/atmel/studio/7.0/toolchain/avr8/avr8-gnu-toolchain/bin/../lib/gcc/avr/4.9.2/../../../../avr/lib/avrxmega6\libm.a(fp_nan.o)
                              e:/program files (x86)/atmel/studio/7.0/toolchain/avr8/avr8-gnu-toolchain/bin/../lib/gcc/avr/4.9.2/../../../../avr/lib/avrxmega6\libm.a(addsf3x.o) (__fp_nan)
e:/program files (x86)/atmel/studio/7.0/toolchain/avr8/avr8-gnu-toolchain/bin/../lib/gcc/avr/4.9.2/../../../../avr/lib/avrxmega6\libm.a(fp_pscA.o)
                              e:/program files (x86)/atmel/studio/7.0/toolchain/avr8/avr8-gnu-toolchain/bin/../lib/gcc/avr/4.9.2/../../../../avr/lib/avrxmega6\libm.a(addsf3x.o) (__fp_pscA)
e:/program files (x86)/atmel/studio/7.0/toolchain/avr8/avr8-gnu-toolchain/bin/../lib/gcc/avr/4.9.2/../../../../avr/lib/avrxmega6\libm.a(fp_pscB.o)
                              e:/program files (x86)/atmel/studio/7.0/toolchain/avr8/avr8-gnu-toolchain/bin/../lib/gcc/avr/4.9.2/../../../../avr/lib/avrxmega6\libm.a(addsf3x.o) (__fp_pscB)
e:/program files (x86)/atmel/studio/7.0/toolchain/avr8/avr8-gnu-toolchain/bin/../lib/gcc/avr/4.9.2/../../../../avr/lib/avrxmega6\libm.a(fp_round.o)
                              e:/program files (x86)/atmel/studio/7.0/toolchain/avr8/avr8-gnu-toolchain/bin/../lib/gcc/avr/4.9.2/../../../../avr/lib/avrxmega6\libm.a(addsf3.o) (__fp_round)
e:/program files (x86)/atmel/studio/7.0/toolchain/avr8/avr8-gnu-toolchain/bin/../lib/gcc/avr/4.9.2/../../../../avr/lib/avrxmega6\libm.a(fp_split3.o)
                              e:/program files (x86)/atmel/studio/7.0/toolchain/avr8/avr8-gnu-toolchain/bin/../lib/gcc/avr/4.9.2/../../../../avr/lib/avrxmega6\libm.a(addsf3x.o) (__fp_split3)
e:/program files (x86)/atmel/studio/7.0/toolchain/avr8/avr8-gnu-toolchain/bin/../lib/gcc/avr/4.9.2/../../../../avr/lib/avrxmega6\libm.a(fp_zero.o)
                              e:/program files (x86)/atmel/studio/7.0/toolchain/avr8/avr8-gnu-toolchain/bin/../lib/gcc/avr/4.9.2/../../../../avr/lib/avrxmega6\libm.a(addsf3x.o) (__fp_zero)
e:/program files (x86)/atmel/studio/7.0/toolchain/avr8/avr8-gnu-toolchain/bin/../lib/gcc/avr/4.9.2/../../../../avr/lib/avrxmega6\libm.a(mulsf3.o)
                              src/RegulatorPID.o (__mulsf3)
e:/program files (x86)/atmel/studio/7.0/toolchain/avr8/avr8-gnu-toolchain/bin/../lib/gcc/avr/4.9.2/../../../../avr/lib/avrxmega6\libm.a(mulsf3x.o)
                              e:/program files (x86)/atmel/studio/7.0/toolchain/avr8/avr8-gnu-toolchain/bin/../lib/gcc/avr/4.9.2/../../../../avr/lib/avrxmega6\libm.a(mulsf3.o) (__mulsf3x)
e:/program files (x86)/atmel/studio/7.0/toolchain/avr8/avr8-gnu-toolchain/bin/../lib/gcc/avr/4.9.2/avrxmega6\libgcc.a(_udivmodsi4.o)
                              src/hd44780.o (__udivmodsi4)
e:/program files (x86)/atmel/studio/7.0/toolchain/avr8/avr8-gnu-toolchain/bin/../lib/gcc/avr/4.9.2/avrxmega6\libgcc.a(_exit.o)
                              E:/Program Files (x86)/Atmel/Studio/7.0/Packs/atmel/XMEGAA_DFP/1.1.63/gcc/dev/atxmega128a3/avrxmega6/crtatxmega128a3.o (exit)
e:/program files (x86)/atmel/studio/7.0/toolchain/avr8/avr8-gnu-toolchain/bin/../lib/gcc/avr/4.9.2/avrxmega6\libgcc.a(_clear_bss.o)
                              src/RegulatorPID.o (__do_clear_bss)
e:/program files (x86)/atmel/studio/7.0/toolchain/avr8/avr8-gnu-toolchain/bin/../lib/gcc/avr/4.9.2/avrxmega6\libgcc.a(_umulhisi3.o)
                              src/RampaRuchu.o (__umulhisi3)

Allocating common symbols
Common symbol       size              file

GLOB_kierunek_zmiany_predkosci
                    0x1               src/ZmienneGlobalne.o
GLOB_flaga_rampa_pozycja_osiagnieta
                    0x1               src/ZmienneGlobalne.o

Discarded input sections

 .data          0x00000000        0x0 E:/Program Files (x86)/Atmel/Studio/7.0/Packs/atmel/XMEGAA_DFP/1.1.63/gcc/dev/atxmega128a3/avrxmega6/crtatxmega128a3.o
 .bss           0x00000000        0x0 E:/Program Files (x86)/Atmel/Studio/7.0/Packs/atmel/XMEGAA_DFP/1.1.63/gcc/dev/atxmega128a3/avrxmega6/crtatxmega128a3.o
 .group         0x00000000        0x8 src/EnkoderIOdchylenia.o
 .group         0x00000000        0x8 src/EnkoderIOdchylenia.o
 .group         0x00000000        0x8 src/EnkoderIOdchylenia.o
 .group         0x00000000        0x8 src/EnkoderIOdchylenia.o
 .group         0x00000000        0x8 src/EnkoderIOdchylenia.o
 .group         0x00000000        0x8 src/EnkoderIOdchylenia.o
 .group         0x00000000        0x8 src/EnkoderIOdchylenia.o
 .group         0x00000000        0x8 src/EnkoderIOdchylenia.o
 .group         0x00000000        0x8 src/EnkoderIOdchylenia.o
 .group         0x00000000        0x8 src/EnkoderIOdchylenia.o
 .group         0x00000000        0x8 src/EnkoderIOdchylenia.o
 .group         0x00000000        0x8 src/EnkoderIOdchylenia.o
 .group         0x00000000        0x8 src/EnkoderIOdchylenia.o
 .group         0x00000000        0x8 src/EnkoderIOdchylenia.o
 .group         0x00000000        0x8 src/EnkoderIOdchylenia.o
 .group         0x00000000        0x8 src/EnkoderIOdchylenia.o
 .group         0x00000000        0x8 src/EnkoderIOdchylenia.o
 .group         0x00000000        0x8 src/EnkoderIOdchylenia.o
 .group         0x00000000        0x8 src/EnkoderIOdchylenia.o
 .group         0x00000000        0x8 src/EnkoderIOdchylenia.o
 .group         0x00000000        0x8 src/EnkoderIOdchylenia.o
 .text          0x00000000        0x0 src/EnkoderIOdchylenia.o
 .data          0x00000000        0x0 src/EnkoderIOdchylenia.o
 .bss           0x00000000        0x0 src/EnkoderIOdchylenia.o
 .text.zeruj_licznik_enkodera
                0x00000000        0xa src/EnkoderIOdchylenia.o
 .text.nadpisz_licznik_enkodera
                0x00000000        0xa src/EnkoderIOdchylenia.o
 .text.resetuj_punkt_odniesienia_enkodera
                0x00000000       0x2c src/EnkoderIOdchylenia.o
 .group         0x00000000        0x8 src/FunkcjePrzyMain.o
 .group         0x00000000        0x8 src/FunkcjePrzyMain.o
 .group         0x00000000        0x8 src/FunkcjePrzyMain.o
 .group         0x00000000        0x8 src/FunkcjePrzyMain.o
 .group         0x00000000        0x8 src/FunkcjePrzyMain.o
 .group         0x00000000        0x8 src/FunkcjePrzyMain.o
 .group         0x00000000        0x8 src/FunkcjePrzyMain.o
 .group         0x00000000        0x8 src/FunkcjePrzyMain.o
 .group         0x00000000        0x8 src/FunkcjePrzyMain.o
 .group         0x00000000        0x8 src/FunkcjePrzyMain.o
 .group         0x00000000        0x8 src/FunkcjePrzyMain.o
 .group         0x00000000        0x8 src/FunkcjePrzyMain.o
 .group         0x00000000        0x8 src/FunkcjePrzyMain.o
 .group         0x00000000        0x8 src/FunkcjePrzyMain.o
 .group         0x00000000        0x8 src/FunkcjePrzyMain.o
 .group         0x00000000        0x8 src/FunkcjePrzyMain.o
 .group         0x00000000        0x8 src/FunkcjePrzyMain.o
 .group         0x00000000        0x8 src/FunkcjePrzyMain.o
 .group         0x00000000        0x8 src/FunkcjePrzyMain.o
 .group         0x00000000        0x8 src/FunkcjePrzyMain.o
 .group         0x00000000        0x8 src/FunkcjePrzyMain.o
 .text          0x00000000        0x0 src/FunkcjePrzyMain.o
 .data          0x00000000        0x0 src/FunkcjePrzyMain.o
 .bss           0x00000000        0x0 src/FunkcjePrzyMain.o
 .debug_macro   0x00000000      0xa78 src/FunkcjePrzyMain.o
 .debug_macro   0x00000000       0x10 src/FunkcjePrzyMain.o
 .debug_macro   0x00000000       0x10 src/FunkcjePrzyMain.o
 .debug_macro   0x00000000      0x1c9 src/FunkcjePrzyMain.o
 .debug_macro   0x00000000      0x2fc src/FunkcjePrzyMain.o
 .debug_macro   0x00000000       0x9e src/FunkcjePrzyMain.o
 .debug_macro   0x00000000     0x4e04 src/FunkcjePrzyMain.o
 .debug_macro   0x00000000       0x9a src/FunkcjePrzyMain.o
 .debug_macro   0x00000000       0xf1 src/FunkcjePrzyMain.o
 .debug_macro   0x00000000       0x34 src/FunkcjePrzyMain.o
 .debug_macro   0x00000000       0x10 src/FunkcjePrzyMain.o
 .debug_macro   0x00000000       0x18 src/FunkcjePrzyMain.o
 .debug_macro   0x00000000       0x5e src/FunkcjePrzyMain.o
 .debug_macro   0x00000000       0x69 src/FunkcjePrzyMain.o
 .debug_macro   0x00000000       0x10 src/FunkcjePrzyMain.o
 .debug_macro   0x00000000      0x166 src/FunkcjePrzyMain.o
 .debug_macro   0x00000000       0x84 src/FunkcjePrzyMain.o
 .debug_macro   0x00000000       0x10 src/FunkcjePrzyMain.o
 .debug_macro   0x00000000       0x89 src/FunkcjePrzyMain.o
 .debug_macro   0x00000000      0x17b src/FunkcjePrzyMain.o
 .debug_macro   0x00000000       0xe8 src/FunkcjePrzyMain.o
 .group         0x00000000        0x8 src/hd44780.o
 .group         0x00000000        0x8 src/hd44780.o
 .group         0x00000000        0x8 src/hd44780.o
 .group         0x00000000        0x8 src/hd44780.o
 .group         0x00000000        0x8 src/hd44780.o
 .group         0x00000000        0x8 src/hd44780.o
 .group         0x00000000        0x8 src/hd44780.o
 .group         0x00000000        0x8 src/hd44780.o
 .group         0x00000000        0x8 src/hd44780.o
 .group         0x00000000        0x8 src/hd44780.o
 .group         0x00000000        0x8 src/hd44780.o
 .group         0x00000000        0x8 src/hd44780.o
 .group         0x00000000        0x8 src/hd44780.o
 .group         0x00000000        0x8 src/hd44780.o
 .group         0x00000000        0x8 src/hd44780.o
 .group         0x00000000        0x8 src/hd44780.o
 .group         0x00000000        0x8 src/hd44780.o
 .group         0x00000000        0x8 src/hd44780.o
 .group         0x00000000        0x8 src/hd44780.o
 .group         0x00000000        0x8 src/hd44780.o
 .group         0x00000000        0x8 src/hd44780.o
 .text          0x00000000        0x0 src/hd44780.o
 .data          0x00000000        0x0 src/hd44780.o
 .bss           0x00000000        0x0 src/hd44780.o
 .text.LcdWrite
                0x00000000       0x1e src/hd44780.o
 .debug_macro   0x00000000      0xa78 src/hd44780.o
 .debug_macro   0x00000000       0x10 src/hd44780.o
 .debug_macro   0x00000000       0x10 src/hd44780.o
 .debug_macro   0x00000000      0x1c9 src/hd44780.o
 .debug_macro   0x00000000      0x2fc src/hd44780.o
 .debug_macro   0x00000000       0x9e src/hd44780.o
 .debug_macro   0x00000000     0x4e04 src/hd44780.o
 .debug_macro   0x00000000       0x9a src/hd44780.o
 .debug_macro   0x00000000       0xf1 src/hd44780.o
 .debug_macro   0x00000000       0x34 src/hd44780.o
 .debug_macro   0x00000000       0x10 src/hd44780.o
 .debug_macro   0x00000000       0x18 src/hd44780.o
 .debug_macro   0x00000000       0x5e src/hd44780.o
 .debug_macro   0x00000000       0x69 src/hd44780.o
 .debug_macro   0x00000000       0x10 src/hd44780.o
 .debug_macro   0x00000000      0x166 src/hd44780.o
 .debug_macro   0x00000000       0x84 src/hd44780.o
 .debug_macro   0x00000000       0x10 src/hd44780.o
 .debug_macro   0x00000000       0x89 src/hd44780.o
 .debug_macro   0x00000000      0x17b src/hd44780.o
 .debug_macro   0x00000000       0xe8 src/hd44780.o
 .group         0x00000000        0x8 src/LiczenieKrokow.o
 .group         0x00000000        0x8 src/LiczenieKrokow.o
 .group         0x00000000        0x8 src/LiczenieKrokow.o
 .group         0x00000000        0x8 src/LiczenieKrokow.o
 .group         0x00000000        0x8 src/LiczenieKrokow.o
 .group         0x00000000        0x8 src/LiczenieKrokow.o
 .group         0x00000000        0x8 src/LiczenieKrokow.o
 .group         0x00000000        0x8 src/LiczenieKrokow.o
 .group         0x00000000        0x8 src/LiczenieKrokow.o
 .group         0x00000000        0x8 src/LiczenieKrokow.o
 .group         0x00000000        0x8 src/LiczenieKrokow.o
 .group         0x00000000        0x8 src/LiczenieKrokow.o
 .group         0x00000000        0x8 src/LiczenieKrokow.o
 .group         0x00000000        0x8 src/LiczenieKrokow.o
 .group         0x00000000        0x8 src/LiczenieKrokow.o
 .group         0x00000000        0x8 src/LiczenieKrokow.o
 .group         0x00000000        0x8 src/LiczenieKrokow.o
 .group         0x00000000        0x8 src/LiczenieKrokow.o
 .group         0x00000000        0x8 src/LiczenieKrokow.o
 .group         0x00000000        0x8 src/LiczenieKrokow.o
 .group         0x00000000        0x8 src/LiczenieKrokow.o
 .text          0x00000000        0x0 src/LiczenieKrokow.o
 .data          0x00000000        0x0 src/LiczenieKrokow.o
 .bss           0x00000000        0x0 src/LiczenieKrokow.o
 .text.zeruj_liczenie_krokow
                0x00000000        0xa src/LiczenieKrokow.o
 .debug_macro   0x00000000      0xa78 src/LiczenieKrokow.o
 .debug_macro   0x00000000       0x10 src/LiczenieKrokow.o
 .debug_macro   0x00000000       0x10 src/LiczenieKrokow.o
 .debug_macro   0x00000000      0x1c9 src/LiczenieKrokow.o
 .debug_macro   0x00000000      0x2fc src/LiczenieKrokow.o
 .debug_macro   0x00000000       0x9e src/LiczenieKrokow.o
 .debug_macro   0x00000000     0x4e04 src/LiczenieKrokow.o
 .debug_macro   0x00000000       0x9a src/LiczenieKrokow.o
 .debug_macro   0x00000000       0xf1 src/LiczenieKrokow.o
 .debug_macro   0x00000000       0x34 src/LiczenieKrokow.o
 .debug_macro   0x00000000       0x10 src/LiczenieKrokow.o
 .debug_macro   0x00000000       0x18 src/LiczenieKrokow.o
 .debug_macro   0x00000000       0x5e src/LiczenieKrokow.o
 .debug_macro   0x00000000       0x69 src/LiczenieKrokow.o
 .debug_macro   0x00000000       0x10 src/LiczenieKrokow.o
 .debug_macro   0x00000000      0x166 src/LiczenieKrokow.o
 .debug_macro   0x00000000       0x84 src/LiczenieKrokow.o
 .debug_macro   0x00000000       0x10 src/LiczenieKrokow.o
 .debug_macro   0x00000000       0x89 src/LiczenieKrokow.o
 .debug_macro   0x00000000      0x17b src/LiczenieKrokow.o
 .debug_macro   0x00000000       0xe8 src/LiczenieKrokow.o
 .group         0x00000000        0x8 src/ObslugaPrzerwan.o
 .group         0x00000000        0x8 src/ObslugaPrzerwan.o
 .group         0x00000000        0x8 src/ObslugaPrzerwan.o
 .group         0x00000000        0x8 src/ObslugaPrzerwan.o
 .group         0x00000000        0x8 src/ObslugaPrzerwan.o
 .group         0x00000000        0x8 src/ObslugaPrzerwan.o
 .group         0x00000000        0x8 src/ObslugaPrzerwan.o
 .group         0x00000000        0x8 src/ObslugaPrzerwan.o
 .group         0x00000000        0x8 src/ObslugaPrzerwan.o
 .group         0x00000000        0x8 src/ObslugaPrzerwan.o
 .group         0x00000000        0x8 src/ObslugaPrzerwan.o
 .group         0x00000000        0x8 src/ObslugaPrzerwan.o
 .group         0x00000000        0x8 src/ObslugaPrzerwan.o
 .group         0x00000000        0x8 src/ObslugaPrzerwan.o
 .group         0x00000000        0x8 src/ObslugaPrzerwan.o
 .group         0x00000000        0x8 src/ObslugaPrzerwan.o
 .group         0x00000000        0x8 src/ObslugaPrzerwan.o
 .group         0x00000000        0x8 src/ObslugaPrzerwan.o
 .group         0x00000000        0x8 src/ObslugaPrzerwan.o
 .group         0x00000000        0x8 src/ObslugaPrzerwan.o
 .group         0x00000000        0x8 src/ObslugaPrzerwan.o
 .text          0x00000000        0x0 src/ObslugaPrzerwan.o
 .data          0x00000000        0x0 src/ObslugaPrzerwan.o
 .bss           0x00000000        0x0 src/ObslugaPrzerwan.o
 .debug_macro   0x00000000      0xa78 src/ObslugaPrzerwan.o
 .debug_macro   0x00000000       0x10 src/ObslugaPrzerwan.o
 .debug_macro   0x00000000       0x10 src/ObslugaPrzerwan.o
 .debug_macro   0x00000000      0x1c9 src/ObslugaPrzerwan.o
 .debug_macro   0x00000000      0x2fc src/ObslugaPrzerwan.o
 .debug_macro   0x00000000       0x9e src/ObslugaPrzerwan.o
 .debug_macro   0x00000000     0x4e04 src/ObslugaPrzerwan.o
 .debug_macro   0x00000000       0x9a src/ObslugaPrzerwan.o
 .debug_macro   0x00000000       0xf1 src/ObslugaPrzerwan.o
 .debug_macro   0x00000000       0x34 src/ObslugaPrzerwan.o
 .debug_macro   0x00000000       0x10 src/ObslugaPrzerwan.o
 .debug_macro   0x00000000       0x18 src/ObslugaPrzerwan.o
 .debug_macro   0x00000000       0x5e src/ObslugaPrzerwan.o
 .debug_macro   0x00000000       0x69 src/ObslugaPrzerwan.o
 .debug_macro   0x00000000       0x10 src/ObslugaPrzerwan.o
 .debug_macro   0x00000000      0x166 src/ObslugaPrzerwan.o
 .debug_macro   0x00000000       0x84 src/ObslugaPrzerwan.o
 .debug_macro   0x00000000       0x10 src/ObslugaPrzerwan.o
 .debug_macro   0x00000000       0x89 src/ObslugaPrzerwan.o
 .debug_macro   0x00000000      0x17b src/ObslugaPrzerwan.o
 .debug_macro   0x00000000       0xe8 src/ObslugaPrzerwan.o
 .group         0x00000000        0x8 src/RampaRuchu.o
 .group         0x00000000        0x8 src/RampaRuchu.o
 .group         0x00000000        0x8 src/RampaRuchu.o
 .group         0x00000000        0x8 src/RampaRuchu.o
 .group         0x00000000        0x8 src/RampaRuchu.o
 .group         0x00000000        0x8 src/RampaRuchu.o
 .group         0x00000000        0x8 src/RampaRuchu.o
 .group         0x00000000        0x8 src/RampaRuchu.o
 .group         0x00000000        0x8 src/RampaRuchu.o
 .group         0x00000000        0x8 src/RampaRuchu.o
 .group         0x00000000        0x8 src/RampaRuchu.o
 .group         0x00000000        0x8 src/RampaRuchu.o
 .group         0x00000000        0x8 src/RampaRuchu.o
 .group         0x00000000        0x8 src/RampaRuchu.o
 .group         0x00000000        0x8 src/RampaRuchu.o
 .group         0x00000000        0x8 src/RampaRuchu.o
 .group         0x00000000        0x8 src/RampaRuchu.o
 .group         0x00000000        0x8 src/RampaRuchu.o
 .group         0x00000000        0x8 src/RampaRuchu.o
 .group         0x00000000        0x8 src/RampaRuchu.o
 .group         0x00000000        0x8 src/RampaRuchu.o
 .text          0x00000000        0x0 src/RampaRuchu.o
 .data          0x00000000        0x0 src/RampaRuchu.o
 .bss           0x00000000        0x0 src/RampaRuchu.o
 .text.TypRampy
                0x00000000        0xe src/RampaRuchu.o
 .text.Przelicz_pozycje_bezwgledna_na_wzgledna_droge
                0x00000000       0x18 src/RampaRuchu.o
 .text.R2_licz_x2
                0x00000000       0x1a src/RampaRuchu.o
 .debug_macro   0x00000000      0xa78 src/RampaRuchu.o
 .debug_macro   0x00000000       0x10 src/RampaRuchu.o
 .debug_macro   0x00000000       0x10 src/RampaRuchu.o
 .debug_macro   0x00000000      0x1c9 src/RampaRuchu.o
 .debug_macro   0x00000000      0x2fc src/RampaRuchu.o
 .debug_macro   0x00000000       0x9e src/RampaRuchu.o
 .debug_macro   0x00000000     0x4e04 src/RampaRuchu.o
 .debug_macro   0x00000000       0x9a src/RampaRuchu.o
 .debug_macro   0x00000000       0xf1 src/RampaRuchu.o
 .debug_macro   0x00000000       0x34 src/RampaRuchu.o
 .debug_macro   0x00000000       0x10 src/RampaRuchu.o
 .debug_macro   0x00000000       0x18 src/RampaRuchu.o
 .debug_macro   0x00000000       0x5e src/RampaRuchu.o
 .debug_macro   0x00000000       0x69 src/RampaRuchu.o
 .debug_macro   0x00000000       0x10 src/RampaRuchu.o
 .debug_macro   0x00000000      0x166 src/RampaRuchu.o
 .debug_macro   0x00000000       0x84 src/RampaRuchu.o
 .debug_macro   0x00000000       0x10 src/RampaRuchu.o
 .debug_macro   0x00000000       0x89 src/RampaRuchu.o
 .debug_macro   0x00000000      0x17b src/RampaRuchu.o
 .debug_macro   0x00000000       0xe8 src/RampaRuchu.o
 .group         0x00000000        0x8 src/RegulatorPID.o
 .group         0x00000000        0x8 src/RegulatorPID.o
 .group         0x00000000        0x8 src/RegulatorPID.o
 .group         0x00000000        0x8 src/RegulatorPID.o
 .group         0x00000000        0x8 src/RegulatorPID.o
 .group         0x00000000        0x8 src/RegulatorPID.o
 .group         0x00000000        0x8 src/RegulatorPID.o
 .group         0x00000000        0x8 src/RegulatorPID.o
 .group         0x00000000        0x8 src/RegulatorPID.o
 .group         0x00000000        0x8 src/RegulatorPID.o
 .group         0x00000000        0x8 src/RegulatorPID.o
 .group         0x00000000        0x8 src/RegulatorPID.o
 .group         0x00000000        0x8 src/RegulatorPID.o
 .group         0x00000000        0x8 src/RegulatorPID.o
 .group         0x00000000        0x8 src/RegulatorPID.o
 .group         0x00000000        0x8 src/RegulatorPID.o
 .group         0x00000000        0x8 src/RegulatorPID.o
 .group         0x00000000        0x8 src/RegulatorPID.o
 .group         0x00000000        0x8 src/RegulatorPID.o
 .group         0x00000000        0x8 src/RegulatorPID.o
 .group         0x00000000        0x8 src/RegulatorPID.o
 .text          0x00000000        0x0 src/RegulatorPID.o
 .data          0x00000000        0x0 src/RegulatorPID.o
 .bss           0x00000000        0x0 src/RegulatorPID.o
 .debug_macro   0x00000000      0xa78 src/RegulatorPID.o
 .debug_macro   0x00000000       0x10 src/RegulatorPID.o
 .debug_macro   0x00000000       0x10 src/RegulatorPID.o
 .debug_macro   0x00000000      0x1c9 src/RegulatorPID.o
 .debug_macro   0x00000000      0x2fc src/RegulatorPID.o
 .debug_macro   0x00000000       0x9e src/RegulatorPID.o
 .debug_macro   0x00000000     0x4e04 src/RegulatorPID.o
 .debug_macro   0x00000000       0x9a src/RegulatorPID.o
 .debug_macro   0x00000000       0xf1 src/RegulatorPID.o
 .debug_macro   0x00000000       0x34 src/RegulatorPID.o
 .debug_macro   0x00000000       0x10 src/RegulatorPID.o
 .debug_macro   0x00000000       0x18 src/RegulatorPID.o
 .debug_macro   0x00000000       0x5e src/RegulatorPID.o
 .debug_macro   0x00000000       0x69 src/RegulatorPID.o
 .debug_macro   0x00000000       0x10 src/RegulatorPID.o
 .debug_macro   0x00000000      0x166 src/RegulatorPID.o
 .debug_macro   0x00000000       0x84 src/RegulatorPID.o
 .debug_macro   0x00000000       0x10 src/RegulatorPID.o
 .debug_macro   0x00000000       0x89 src/RegulatorPID.o
 .debug_macro   0x00000000      0x17b src/RegulatorPID.o
 .debug_macro   0x00000000       0xe8 src/RegulatorPID.o
 .group         0x00000000        0x8 src/silnik.o
 .group         0x00000000        0x8 src/silnik.o
 .group         0x00000000        0x8 src/silnik.o
 .group         0x00000000        0x8 src/silnik.o
 .group         0x00000000        0x8 src/silnik.o
 .group         0x00000000        0x8 src/silnik.o
 .group         0x00000000        0x8 src/silnik.o
 .group         0x00000000        0x8 src/silnik.o
 .group         0x00000000        0x8 src/silnik.o
 .group         0x00000000        0x8 src/silnik.o
 .group         0x00000000        0x8 src/silnik.o
 .group         0x00000000        0x8 src/silnik.o
 .group         0x00000000        0x8 src/silnik.o
 .group         0x00000000        0x8 src/silnik.o
 .group         0x00000000        0x8 src/silnik.o
 .group         0x00000000        0x8 src/silnik.o
 .group         0x00000000        0x8 src/silnik.o
 .group         0x00000000        0x8 src/silnik.o
 .group         0x00000000        0x8 src/silnik.o
 .group         0x00000000        0x8 src/silnik.o
 .group         0x00000000        0x8 src/silnik.o
 .text          0x00000000        0x0 src/silnik.o
 .data          0x00000000        0x0 src/silnik.o
 .bss           0x00000000        0x0 src/silnik.o
 .debug_macro   0x00000000      0xa78 src/silnik.o
 .debug_macro   0x00000000       0x10 src/silnik.o
 .debug_macro   0x00000000       0x10 src/silnik.o
 .debug_macro   0x00000000      0x1c9 src/silnik.o
 .debug_macro   0x00000000      0x2fc src/silnik.o
 .debug_macro   0x00000000       0x9e src/silnik.o
 .debug_macro   0x00000000     0x4e04 src/silnik.o
 .debug_macro   0x00000000       0x9a src/silnik.o
 .debug_macro   0x00000000       0xf1 src/silnik.o
 .debug_macro   0x00000000       0x34 src/silnik.o
 .debug_macro   0x00000000       0x10 src/silnik.o
 .debug_macro   0x00000000       0x18 src/silnik.o
 .debug_macro   0x00000000       0x5e src/silnik.o
 .debug_macro   0x00000000       0x69 src/silnik.o
 .debug_macro   0x00000000       0x10 src/silnik.o
 .debug_macro   0x00000000      0x166 src/silnik.o
 .debug_macro   0x00000000       0x84 src/silnik.o
 .debug_macro   0x00000000       0x10 src/silnik.o
 .debug_macro   0x00000000       0x89 src/silnik.o
 .debug_macro   0x00000000      0x17b src/silnik.o
 .debug_macro   0x00000000       0xe8 src/silnik.o
 .group         0x00000000        0x8 src/Wahadlo.o
 .group         0x00000000        0x8 src/Wahadlo.o
 .group         0x00000000        0x8 src/Wahadlo.o
 .group         0x00000000        0x8 src/Wahadlo.o
 .group         0x00000000        0x8 src/Wahadlo.o
 .group         0x00000000        0x8 src/Wahadlo.o
 .group         0x00000000        0x8 src/Wahadlo.o
 .group         0x00000000        0x8 src/Wahadlo.o
 .group         0x00000000        0x8 src/Wahadlo.o
 .group         0x00000000        0x8 src/Wahadlo.o
 .group         0x00000000        0x8 src/Wahadlo.o
 .group         0x00000000        0x8 src/Wahadlo.o
 .group         0x00000000        0x8 src/Wahadlo.o
 .group         0x00000000        0x8 src/Wahadlo.o
 .group         0x00000000        0x8 src/Wahadlo.o
 .group         0x00000000        0x8 src/Wahadlo.o
 .group         0x00000000        0x8 src/Wahadlo.o
 .group         0x00000000        0x8 src/Wahadlo.o
 .group         0x00000000        0x8 src/Wahadlo.o
 .group         0x00000000        0x8 src/Wahadlo.o
 .group         0x00000000        0x8 src/Wahadlo.o
 .text          0x00000000        0x0 src/Wahadlo.o
 .data          0x00000000        0x0 src/Wahadlo.o
 .bss           0x00000000        0x0 src/Wahadlo.o
 .debug_macro   0x00000000      0xa78 src/Wahadlo.o
 .debug_macro   0x00000000       0x10 src/Wahadlo.o
 .debug_macro   0x00000000       0x10 src/Wahadlo.o
 .debug_macro   0x00000000      0x1c9 src/Wahadlo.o
 .debug_macro   0x00000000      0x2fc src/Wahadlo.o
 .debug_macro   0x00000000       0x9e src/Wahadlo.o
 .debug_macro   0x00000000     0x4e04 src/Wahadlo.o
 .debug_macro   0x00000000       0x9a src/Wahadlo.o
 .debug_macro   0x00000000       0xf1 src/Wahadlo.o
 .debug_macro   0x00000000       0x34 src/Wahadlo.o
 .debug_macro   0x00000000       0x10 src/Wahadlo.o
 .debug_macro   0x00000000       0x18 src/Wahadlo.o
 .debug_macro   0x00000000       0x5e src/Wahadlo.o
 .debug_macro   0x00000000       0x69 src/Wahadlo.o
 .debug_macro   0x00000000       0x10 src/Wahadlo.o
 .debug_macro   0x00000000      0x166 src/Wahadlo.o
 .debug_macro   0x00000000       0x84 src/Wahadlo.o
 .debug_macro   0x00000000       0x10 src/Wahadlo.o
 .debug_macro   0x00000000       0x89 src/Wahadlo.o
 .debug_macro   0x00000000      0x17b src/Wahadlo.o
 .debug_macro   0x00000000       0xe8 src/Wahadlo.o
 .group         0x00000000        0x8 src/ZmienneGlobalne.o
 .group         0x00000000        0x8 src/ZmienneGlobalne.o
 .group         0x00000000        0x8 src/ZmienneGlobalne.o
 .group         0x00000000        0x8 src/ZmienneGlobalne.o
 .group         0x00000000        0x8 src/ZmienneGlobalne.o
 .group         0x00000000        0x8 src/ZmienneGlobalne.o
 .group         0x00000000        0x8 src/ZmienneGlobalne.o
 .group         0x00000000        0x8 src/ZmienneGlobalne.o
 .group         0x00000000        0x8 src/ZmienneGlobalne.o
 .group         0x00000000        0x8 src/ZmienneGlobalne.o
 .group         0x00000000        0x8 src/ZmienneGlobalne.o
 .group         0x00000000        0x8 src/ZmienneGlobalne.o
 .group         0x00000000        0x8 src/ZmienneGlobalne.o
 .group         0x00000000        0x8 src/ZmienneGlobalne.o
 .group         0x00000000        0x8 src/ZmienneGlobalne.o
 .group         0x00000000        0x8 src/ZmienneGlobalne.o
 .group         0x00000000        0x8 src/ZmienneGlobalne.o
 .group         0x00000000        0x8 src/ZmienneGlobalne.o
 .group         0x00000000        0x8 src/ZmienneGlobalne.o
 .group         0x00000000        0x8 src/ZmienneGlobalne.o
 .group         0x00000000        0x8 src/ZmienneGlobalne.o
 .text          0x00000000        0x0 src/ZmienneGlobalne.o
 .data          0x00000000        0x0 src/ZmienneGlobalne.o
 .bss           0x00000000        0x0 src/ZmienneGlobalne.o
 .debug_macro   0x00000000      0xa78 src/ZmienneGlobalne.o
 .debug_macro   0x00000000       0x10 src/ZmienneGlobalne.o
 .debug_macro   0x00000000       0x10 src/ZmienneGlobalne.o
 .debug_macro   0x00000000      0x1c9 src/ZmienneGlobalne.o
 .debug_macro   0x00000000      0x2fc src/ZmienneGlobalne.o
 .debug_macro   0x00000000       0x9e src/ZmienneGlobalne.o
 .debug_macro   0x00000000     0x4e04 src/ZmienneGlobalne.o
 .debug_macro   0x00000000       0x9a src/ZmienneGlobalne.o
 .debug_macro   0x00000000       0xf1 src/ZmienneGlobalne.o
 .debug_macro   0x00000000       0x34 src/ZmienneGlobalne.o
 .debug_macro   0x00000000       0x10 src/ZmienneGlobalne.o
 .debug_macro   0x00000000       0x18 src/ZmienneGlobalne.o
 .debug_macro   0x00000000       0x5e src/ZmienneGlobalne.o
 .debug_macro   0x00000000       0x69 src/ZmienneGlobalne.o
 .debug_macro   0x00000000       0x10 src/ZmienneGlobalne.o
 .debug_macro   0x00000000      0x166 src/ZmienneGlobalne.o
 .debug_macro   0x00000000       0x84 src/ZmienneGlobalne.o
 .debug_macro   0x00000000       0x10 src/ZmienneGlobalne.o
 .debug_macro   0x00000000       0x89 src/ZmienneGlobalne.o
 .debug_macro   0x00000000      0x17b src/ZmienneGlobalne.o
 .debug_macro   0x00000000       0xe8 src/ZmienneGlobalne.o
 .group         0x00000000        0x8 src/ASF/common/boards/user_board/init.o
 .group         0x00000000        0x8 src/ASF/common/boards/user_board/init.o
 .group         0x00000000        0x8 src/ASF/common/boards/user_board/init.o
 .group         0x00000000        0x8 src/ASF/common/boards/user_board/init.o
 .group         0x00000000        0x8 src/ASF/common/boards/user_board/init.o
 .group         0x00000000        0x8 src/ASF/common/boards/user_board/init.o
 .group         0x00000000        0x8 src/ASF/common/boards/user_board/init.o
 .group         0x00000000        0x8 src/ASF/common/boards/user_board/init.o
 .group         0x00000000        0x8 src/ASF/common/boards/user_board/init.o
 .group         0x00000000        0x8 src/ASF/common/boards/user_board/init.o
 .group         0x00000000        0x8 src/ASF/common/boards/user_board/init.o
 .group         0x00000000        0x8 src/ASF/common/boards/user_board/init.o
 .group         0x00000000        0x8 src/ASF/common/boards/user_board/init.o
 .group         0x00000000        0x8 src/ASF/common/boards/user_board/init.o
 .group         0x00000000        0x8 src/ASF/common/boards/user_board/init.o
 .group         0x00000000        0x8 src/ASF/common/boards/user_board/init.o
 .group         0x00000000        0x8 src/ASF/common/boards/user_board/init.o
 .group         0x00000000        0x8 src/ASF/common/boards/user_board/init.o
 .group         0x00000000        0x8 src/ASF/common/boards/user_board/init.o
 .group         0x00000000        0x8 src/ASF/common/boards/user_board/init.o
 .group         0x00000000        0x8 src/ASF/common/boards/user_board/init.o
 .group         0x00000000        0x8 src/ASF/common/boards/user_board/init.o
 .group         0x00000000        0x8 src/ASF/common/boards/user_board/init.o
 .group         0x00000000        0x8 src/ASF/common/boards/user_board/init.o
 .group         0x00000000        0x8 src/ASF/common/boards/user_board/init.o
 .group         0x00000000        0x8 src/ASF/common/boards/user_board/init.o
 .group         0x00000000        0x8 src/ASF/common/boards/user_board/init.o
 .group         0x00000000        0x8 src/ASF/common/boards/user_board/init.o
 .group         0x00000000        0x8 src/ASF/common/boards/user_board/init.o
 .group         0x00000000        0x8 src/ASF/common/boards/user_board/init.o
 .group         0x00000000        0x8 src/ASF/common/boards/user_board/init.o
 .group         0x00000000        0x8 src/ASF/common/boards/user_board/init.o
 .text          0x00000000        0x0 src/ASF/common/boards/user_board/init.o
 .data          0x00000000        0x0 src/ASF/common/boards/user_board/init.o
 .bss           0x00000000        0x0 src/ASF/common/boards/user_board/init.o
 .text.board_init
                0x00000000        0x2 src/ASF/common/boards/user_board/init.o
 .debug_info    0x00000000       0x91 src/ASF/common/boards/user_board/init.o
 .debug_abbrev  0x00000000       0x47 src/ASF/common/boards/user_board/init.o
 .debug_aranges
                0x00000000       0x20 src/ASF/common/boards/user_board/init.o
 .debug_ranges  0x00000000       0x10 src/ASF/common/boards/user_board/init.o
 .debug_macro   0x00000000      0x1a4 src/ASF/common/boards/user_board/init.o
 .debug_macro   0x00000000      0xa78 src/ASF/common/boards/user_board/init.o
 .debug_macro   0x00000000       0x10 src/ASF/common/boards/user_board/init.o
 .debug_macro   0x00000000      0x1c9 src/ASF/common/boards/user_board/init.o
 .debug_macro   0x00000000      0x2fc src/ASF/common/boards/user_board/init.o
 .debug_macro   0x00000000       0x9e src/ASF/common/boards/user_board/init.o
 .debug_macro   0x00000000     0x4e04 src/ASF/common/boards/user_board/init.o
 .debug_macro   0x00000000       0x9a src/ASF/common/boards/user_board/init.o
 .debug_macro   0x00000000       0xf1 src/ASF/common/boards/user_board/init.o
 .debug_macro   0x00000000       0x34 src/ASF/common/boards/user_board/init.o
 .debug_macro   0x00000000       0x10 src/ASF/common/boards/user_board/init.o
 .debug_macro   0x00000000       0x18 src/ASF/common/boards/user_board/init.o
 .debug_macro   0x00000000       0x5e src/ASF/common/boards/user_board/init.o
 .debug_macro   0x00000000       0x10 src/ASF/common/boards/user_board/init.o
 .debug_macro   0x00000000       0x22 src/ASF/common/boards/user_board/init.o
 .debug_macro   0x00000000      0x166 src/ASF/common/boards/user_board/init.o
 .debug_macro   0x00000000       0x1c src/ASF/common/boards/user_board/init.o
 .debug_macro   0x00000000       0x35 src/ASF/common/boards/user_board/init.o
 .debug_macro   0x00000000       0x66 src/ASF/common/boards/user_board/init.o
 .debug_macro   0x00000000      0x652 src/ASF/common/boards/user_board/init.o
 .debug_macro   0x00000000       0x97 src/ASF/common/boards/user_board/init.o
 .debug_macro   0x00000000       0x17 src/ASF/common/boards/user_board/init.o
 .debug_macro   0x00000000      0x250 src/ASF/common/boards/user_board/init.o
 .debug_macro   0x00000000       0x76 src/ASF/common/boards/user_board/init.o
 .debug_macro   0x00000000       0x16 src/ASF/common/boards/user_board/init.o
 .debug_macro   0x00000000      0x6e3 src/ASF/common/boards/user_board/init.o
 .debug_macro   0x00000000       0x10 src/ASF/common/boards/user_board/init.o
 .debug_macro   0x00000000      0x175 src/ASF/common/boards/user_board/init.o
 .debug_macro   0x00000000       0x40 src/ASF/common/boards/user_board/init.o
 .debug_macro   0x00000000       0x69 src/ASF/common/boards/user_board/init.o
 .debug_macro   0x00000000       0x32 src/ASF/common/boards/user_board/init.o
 .debug_macro   0x00000000       0xe4 src/ASF/common/boards/user_board/init.o
 .debug_macro   0x00000000      0x2b9 src/ASF/common/boards/user_board/init.o
 .debug_line    0x00000000      0x439 src/ASF/common/boards/user_board/init.o
 .debug_str     0x00000000    0x241aa src/ASF/common/boards/user_board/init.o
 .comment       0x00000000       0x31 src/ASF/common/boards/user_board/init.o
 .debug_frame   0x00000000       0x24 src/ASF/common/boards/user_board/init.o
 .text          0x00000000        0x0 e:/program files (x86)/atmel/studio/7.0/toolchain/avr8/avr8-gnu-toolchain/bin/../lib/gcc/avr/4.9.2/../../../../avr/lib/avrxmega6\libm.a(addsf3.o)
 .data          0x00000000        0x0 e:/program files (x86)/atmel/studio/7.0/toolchain/avr8/avr8-gnu-toolchain/bin/../lib/gcc/avr/4.9.2/../../../../avr/lib/avrxmega6\libm.a(addsf3.o)
 .bss           0x00000000        0x0 e:/program files (x86)/atmel/studio/7.0/toolchain/avr8/avr8-gnu-toolchain/bin/../lib/gcc/avr/4.9.2/../../../../avr/lib/avrxmega6\libm.a(addsf3.o)
 .text          0x00000000        0x0 e:/program files (x86)/atmel/studio/7.0/toolchain/avr8/avr8-gnu-toolchain/bin/../lib/gcc/avr/4.9.2/../../../../avr/lib/avrxmega6\libm.a(addsf3x.o)
 .data          0x00000000        0x0 e:/program files (x86)/atmel/studio/7.0/toolchain/avr8/avr8-gnu-toolchain/bin/../lib/gcc/avr/4.9.2/../../../../avr/lib/avrxmega6\libm.a(addsf3x.o)
 .bss           0x00000000        0x0 e:/program files (x86)/atmel/studio/7.0/toolchain/avr8/avr8-gnu-toolchain/bin/../lib/gcc/avr/4.9.2/../../../../avr/lib/avrxmega6\libm.a(addsf3x.o)
 .text          0x00000000        0x0 e:/program files (x86)/atmel/studio/7.0/toolchain/avr8/avr8-gnu-toolchain/bin/../lib/gcc/avr/4.9.2/../../../../avr/lib/avrxmega6\libm.a(fixunssfsi.o)
 .data          0x00000000        0x0 e:/program files (x86)/atmel/studio/7.0/toolchain/avr8/avr8-gnu-toolchain/bin/../lib/gcc/avr/4.9.2/../../../../avr/lib/avrxmega6\libm.a(fixunssfsi.o)
 .bss           0x00000000        0x0 e:/program files (x86)/atmel/studio/7.0/toolchain/avr8/avr8-gnu-toolchain/bin/../lib/gcc/avr/4.9.2/../../../../avr/lib/avrxmega6\libm.a(fixunssfsi.o)
 .text          0x00000000        0x0 e:/program files (x86)/atmel/studio/7.0/toolchain/avr8/avr8-gnu-toolchain/bin/../lib/gcc/avr/4.9.2/../../../../avr/lib/avrxmega6\libm.a(floatsisf.o)
 .data          0x00000000        0x0 e:/program files (x86)/atmel/studio/7.0/toolchain/avr8/avr8-gnu-toolchain/bin/../lib/gcc/avr/4.9.2/../../../../avr/lib/avrxmega6\libm.a(floatsisf.o)
 .bss           0x00000000        0x0 e:/program files (x86)/atmel/studio/7.0/toolchain/avr8/avr8-gnu-toolchain/bin/../lib/gcc/avr/4.9.2/../../../../avr/lib/avrxmega6\libm.a(floatsisf.o)
 .text          0x00000000        0x0 e:/program files (x86)/atmel/studio/7.0/toolchain/avr8/avr8-gnu-toolchain/bin/../lib/gcc/avr/4.9.2/../../../../avr/lib/avrxmega6\libm.a(fp_inf.o)
 .data          0x00000000        0x0 e:/program files (x86)/atmel/studio/7.0/toolchain/avr8/avr8-gnu-toolchain/bin/../lib/gcc/avr/4.9.2/../../../../avr/lib/avrxmega6\libm.a(fp_inf.o)
 .bss           0x00000000        0x0 e:/program files (x86)/atmel/studio/7.0/toolchain/avr8/avr8-gnu-toolchain/bin/../lib/gcc/avr/4.9.2/../../../../avr/lib/avrxmega6\libm.a(fp_inf.o)
 .text          0x00000000        0x0 e:/program files (x86)/atmel/studio/7.0/toolchain/avr8/avr8-gnu-toolchain/bin/../lib/gcc/avr/4.9.2/../../../../avr/lib/avrxmega6\libm.a(fp_nan.o)
 .data          0x00000000        0x0 e:/program files (x86)/atmel/studio/7.0/toolchain/avr8/avr8-gnu-toolchain/bin/../lib/gcc/avr/4.9.2/../../../../avr/lib/avrxmega6\libm.a(fp_nan.o)
 .bss           0x00000000        0x0 e:/program files (x86)/atmel/studio/7.0/toolchain/avr8/avr8-gnu-toolchain/bin/../lib/gcc/avr/4.9.2/../../../../avr/lib/avrxmega6\libm.a(fp_nan.o)
 .text          0x00000000        0x0 e:/program files (x86)/atmel/studio/7.0/toolchain/avr8/avr8-gnu-toolchain/bin/../lib/gcc/avr/4.9.2/../../../../avr/lib/avrxmega6\libm.a(fp_pscA.o)
 .data          0x00000000        0x0 e:/program files (x86)/atmel/studio/7.0/toolchain/avr8/avr8-gnu-toolchain/bin/../lib/gcc/avr/4.9.2/../../../../avr/lib/avrxmega6\libm.a(fp_pscA.o)
 .bss           0x00000000        0x0 e:/program files (x86)/atmel/studio/7.0/toolchain/avr8/avr8-gnu-toolchain/bin/../lib/gcc/avr/4.9.2/../../../../avr/lib/avrxmega6\libm.a(fp_pscA.o)
 .text          0x00000000        0x0 e:/program files (x86)/atmel/studio/7.0/toolchain/avr8/avr8-gnu-toolchain/bin/../lib/gcc/avr/4.9.2/../../../../avr/lib/avrxmega6\libm.a(fp_pscB.o)
 .data          0x00000000        0x0 e:/program files (x86)/atmel/studio/7.0/toolchain/avr8/avr8-gnu-toolchain/bin/../lib/gcc/avr/4.9.2/../../../../avr/lib/avrxmega6\libm.a(fp_pscB.o)
 .bss           0x00000000        0x0 e:/program files (x86)/atmel/studio/7.0/toolchain/avr8/avr8-gnu-toolchain/bin/../lib/gcc/avr/4.9.2/../../../../avr/lib/avrxmega6\libm.a(fp_pscB.o)
 .text          0x00000000        0x0 e:/program files (x86)/atmel/studio/7.0/toolchain/avr8/avr8-gnu-toolchain/bin/../lib/gcc/avr/4.9.2/../../../../avr/lib/avrxmega6\libm.a(fp_round.o)
 .data          0x00000000        0x0 e:/program files (x86)/atmel/studio/7.0/toolchain/avr8/avr8-gnu-toolchain/bin/../lib/gcc/avr/4.9.2/../../../../avr/lib/avrxmega6\libm.a(fp_round.o)
 .bss           0x00000000        0x0 e:/program files (x86)/atmel/studio/7.0/toolchain/avr8/avr8-gnu-toolchain/bin/../lib/gcc/avr/4.9.2/../../../../avr/lib/avrxmega6\libm.a(fp_round.o)
 .text          0x00000000        0x0 e:/program files (x86)/atmel/studio/7.0/toolchain/avr8/avr8-gnu-toolchain/bin/../lib/gcc/avr/4.9.2/../../../../avr/lib/avrxmega6\libm.a(fp_split3.o)
 .data          0x00000000        0x0 e:/program files (x86)/atmel/studio/7.0/toolchain/avr8/avr8-gnu-toolchain/bin/../lib/gcc/avr/4.9.2/../../../../avr/lib/avrxmega6\libm.a(fp_split3.o)
 .bss           0x00000000        0x0 e:/program files (x86)/atmel/studio/7.0/toolchain/avr8/avr8-gnu-toolchain/bin/../lib/gcc/avr/4.9.2/../../../../avr/lib/avrxmega6\libm.a(fp_split3.o)
 .text          0x00000000        0x0 e:/program files (x86)/atmel/studio/7.0/toolchain/avr8/avr8-gnu-toolchain/bin/../lib/gcc/avr/4.9.2/../../../../avr/lib/avrxmega6\libm.a(fp_zero.o)
 .data          0x00000000        0x0 e:/program files (x86)/atmel/studio/7.0/toolchain/avr8/avr8-gnu-toolchain/bin/../lib/gcc/avr/4.9.2/../../../../avr/lib/avrxmega6\libm.a(fp_zero.o)
 .bss           0x00000000        0x0 e:/program files (x86)/atmel/studio/7.0/toolchain/avr8/avr8-gnu-toolchain/bin/../lib/gcc/avr/4.9.2/../../../../avr/lib/avrxmega6\libm.a(fp_zero.o)
 .text          0x00000000        0x0 e:/program files (x86)/atmel/studio/7.0/toolchain/avr8/avr8-gnu-toolchain/bin/../lib/gcc/avr/4.9.2/../../../../avr/lib/avrxmega6\libm.a(mulsf3.o)
 .data          0x00000000        0x0 e:/program files (x86)/atmel/studio/7.0/toolchain/avr8/avr8-gnu-toolchain/bin/../lib/gcc/avr/4.9.2/../../../../avr/lib/avrxmega6\libm.a(mulsf3.o)
 .bss           0x00000000        0x0 e:/program files (x86)/atmel/studio/7.0/toolchain/avr8/avr8-gnu-toolchain/bin/../lib/gcc/avr/4.9.2/../../../../avr/lib/avrxmega6\libm.a(mulsf3.o)
 .text          0x00000000        0x0 e:/program files (x86)/atmel/studio/7.0/toolchain/avr8/avr8-gnu-toolchain/bin/../lib/gcc/avr/4.9.2/../../../../avr/lib/avrxmega6\libm.a(mulsf3x.o)
 .data          0x00000000        0x0 e:/program files (x86)/atmel/studio/7.0/toolchain/avr8/avr8-gnu-toolchain/bin/../lib/gcc/avr/4.9.2/../../../../avr/lib/avrxmega6\libm.a(mulsf3x.o)
 .bss           0x00000000        0x0 e:/program files (x86)/atmel/studio/7.0/toolchain/avr8/avr8-gnu-toolchain/bin/../lib/gcc/avr/4.9.2/../../../../avr/lib/avrxmega6\libm.a(mulsf3x.o)
 .text          0x00000000        0x0 e:/program files (x86)/atmel/studio/7.0/toolchain/avr8/avr8-gnu-toolchain/bin/../lib/gcc/avr/4.9.2/avrxmega6\libgcc.a(_udivmodsi4.o)
 .data          0x00000000        0x0 e:/program files (x86)/atmel/studio/7.0/toolchain/avr8/avr8-gnu-toolchain/bin/../lib/gcc/avr/4.9.2/avrxmega6\libgcc.a(_udivmodsi4.o)
 .bss           0x00000000        0x0 e:/program files (x86)/atmel/studio/7.0/toolchain/avr8/avr8-gnu-toolchain/bin/../lib/gcc/avr/4.9.2/avrxmega6\libgcc.a(_udivmodsi4.o)
 .text.libgcc.mul
                0x00000000        0x0 e:/program files (x86)/atmel/studio/7.0/toolchain/avr8/avr8-gnu-toolchain/bin/../lib/gcc/avr/4.9.2/avrxmega6\libgcc.a(_udivmodsi4.o)
 .text.libgcc   0x00000000        0x0 e:/program files (x86)/atmel/studio/7.0/toolchain/avr8/avr8-gnu-toolchain/bin/../lib/gcc/avr/4.9.2/avrxmega6\libgcc.a(_udivmodsi4.o)
 .text.libgcc.prologue
                0x00000000        0x0 e:/program files (x86)/atmel/studio/7.0/toolchain/avr8/avr8-gnu-toolchain/bin/../lib/gcc/avr/4.9.2/avrxmega6\libgcc.a(_udivmodsi4.o)
 .text.libgcc.builtins
                0x00000000        0x0 e:/program files (x86)/atmel/studio/7.0/toolchain/avr8/avr8-gnu-toolchain/bin/../lib/gcc/avr/4.9.2/avrxmega6\libgcc.a(_udivmodsi4.o)
 .text.libgcc.fmul
                0x00000000        0x0 e:/program files (x86)/atmel/studio/7.0/toolchain/avr8/avr8-gnu-toolchain/bin/../lib/gcc/avr/4.9.2/avrxmega6\libgcc.a(_udivmodsi4.o)
 .text.libgcc.fixed
                0x00000000        0x0 e:/program files (x86)/atmel/studio/7.0/toolchain/avr8/avr8-gnu-toolchain/bin/../lib/gcc/avr/4.9.2/avrxmega6\libgcc.a(_udivmodsi4.o)
 .text          0x00000000        0x0 e:/program files (x86)/atmel/studio/7.0/toolchain/avr8/avr8-gnu-toolchain/bin/../lib/gcc/avr/4.9.2/avrxmega6\libgcc.a(_exit.o)
 .data          0x00000000        0x0 e:/program files (x86)/atmel/studio/7.0/toolchain/avr8/avr8-gnu-toolchain/bin/../lib/gcc/avr/4.9.2/avrxmega6\libgcc.a(_exit.o)
 .bss           0x00000000        0x0 e:/program files (x86)/atmel/studio/7.0/toolchain/avr8/avr8-gnu-toolchain/bin/../lib/gcc/avr/4.9.2/avrxmega6\libgcc.a(_exit.o)
 .text.libgcc.mul
                0x00000000        0x0 e:/program files (x86)/atmel/studio/7.0/toolchain/avr8/avr8-gnu-toolchain/bin/../lib/gcc/avr/4.9.2/avrxmega6\libgcc.a(_exit.o)
 .text.libgcc.div
                0x00000000        0x0 e:/program files (x86)/atmel/studio/7.0/toolchain/avr8/avr8-gnu-toolchain/bin/../lib/gcc/avr/4.9.2/avrxmega6\libgcc.a(_exit.o)
 .text.libgcc   0x00000000        0x0 e:/program files (x86)/atmel/studio/7.0/toolchain/avr8/avr8-gnu-toolchain/bin/../lib/gcc/avr/4.9.2/avrxmega6\libgcc.a(_exit.o)
 .text.libgcc.prologue
                0x00000000        0x0 e:/program files (x86)/atmel/studio/7.0/toolchain/avr8/avr8-gnu-toolchain/bin/../lib/gcc/avr/4.9.2/avrxmega6\libgcc.a(_exit.o)
 .text.libgcc.builtins
                0x00000000        0x0 e:/program files (x86)/atmel/studio/7.0/toolchain/avr8/avr8-gnu-toolchain/bin/../lib/gcc/avr/4.9.2/avrxmega6\libgcc.a(_exit.o)
 .text.libgcc.fmul
                0x00000000        0x0 e:/program files (x86)/atmel/studio/7.0/toolchain/avr8/avr8-gnu-toolchain/bin/../lib/gcc/avr/4.9.2/avrxmega6\libgcc.a(_exit.o)
 .text.libgcc.fixed
                0x00000000        0x0 e:/program files (x86)/atmel/studio/7.0/toolchain/avr8/avr8-gnu-toolchain/bin/../lib/gcc/avr/4.9.2/avrxmega6\libgcc.a(_exit.o)
 .text          0x00000000        0x0 e:/program files (x86)/atmel/studio/7.0/toolchain/avr8/avr8-gnu-toolchain/bin/../lib/gcc/avr/4.9.2/avrxmega6\libgcc.a(_clear_bss.o)
 .data          0x00000000        0x0 e:/program files (x86)/atmel/studio/7.0/toolchain/avr8/avr8-gnu-toolchain/bin/../lib/gcc/avr/4.9.2/avrxmega6\libgcc.a(_clear_bss.o)
 .bss           0x00000000        0x0 e:/program files (x86)/atmel/studio/7.0/toolchain/avr8/avr8-gnu-toolchain/bin/../lib/gcc/avr/4.9.2/avrxmega6\libgcc.a(_clear_bss.o)
 .text.libgcc.mul
                0x00000000        0x0 e:/program files (x86)/atmel/studio/7.0/toolchain/avr8/avr8-gnu-toolchain/bin/../lib/gcc/avr/4.9.2/avrxmega6\libgcc.a(_clear_bss.o)
 .text.libgcc.div
                0x00000000        0x0 e:/program files (x86)/atmel/studio/7.0/toolchain/avr8/avr8-gnu-toolchain/bin/../lib/gcc/avr/4.9.2/avrxmega6\libgcc.a(_clear_bss.o)
 .text.libgcc   0x00000000        0x0 e:/program files (x86)/atmel/studio/7.0/toolchain/avr8/avr8-gnu-toolchain/bin/../lib/gcc/avr/4.9.2/avrxmega6\libgcc.a(_clear_bss.o)
 .text.libgcc.prologue
                0x00000000        0x0 e:/program files (x86)/atmel/studio/7.0/toolchain/avr8/avr8-gnu-toolchain/bin/../lib/gcc/avr/4.9.2/avrxmega6\libgcc.a(_clear_bss.o)
 .text.libgcc.builtins
                0x00000000        0x0 e:/program files (x86)/atmel/studio/7.0/toolchain/avr8/avr8-gnu-toolchain/bin/../lib/gcc/avr/4.9.2/avrxmega6\libgcc.a(_clear_bss.o)
 .text.libgcc.fmul
                0x00000000        0x0 e:/program files (x86)/atmel/studio/7.0/toolchain/avr8/avr8-gnu-toolchain/bin/../lib/gcc/avr/4.9.2/avrxmega6\libgcc.a(_clear_bss.o)
 .text.libgcc.fixed
                0x00000000        0x0 e:/program files (x86)/atmel/studio/7.0/toolchain/avr8/avr8-gnu-toolchain/bin/../lib/gcc/avr/4.9.2/avrxmega6\libgcc.a(_clear_bss.o)
 .text          0x00000000        0x0 e:/program files (x86)/atmel/studio/7.0/toolchain/avr8/avr8-gnu-toolchain/bin/../lib/gcc/avr/4.9.2/avrxmega6\libgcc.a(_umulhisi3.o)
 .data          0x00000000        0x0 e:/program files (x86)/atmel/studio/7.0/toolchain/avr8/avr8-gnu-toolchain/bin/../lib/gcc/avr/4.9.2/avrxmega6\libgcc.a(_umulhisi3.o)
 .bss           0x00000000        0x0 e:/program files (x86)/atmel/studio/7.0/toolchain/avr8/avr8-gnu-toolchain/bin/../lib/gcc/avr/4.9.2/avrxmega6\libgcc.a(_umulhisi3.o)
 .text.libgcc.div
                0x00000000        0x0 e:/program files (x86)/atmel/studio/7.0/toolchain/avr8/avr8-gnu-toolchain/bin/../lib/gcc/avr/4.9.2/avrxmega6\libgcc.a(_umulhisi3.o)
 .text.libgcc   0x00000000        0x0 e:/program files (x86)/atmel/studio/7.0/toolchain/avr8/avr8-gnu-toolchain/bin/../lib/gcc/avr/4.9.2/avrxmega6\libgcc.a(_umulhisi3.o)
 .text.libgcc.prologue
                0x00000000        0x0 e:/program files (x86)/atmel/studio/7.0/toolchain/avr8/avr8-gnu-toolchain/bin/../lib/gcc/avr/4.9.2/avrxmega6\libgcc.a(_umulhisi3.o)
 .text.libgcc.builtins
                0x00000000        0x0 e:/program files (x86)/atmel/studio/7.0/toolchain/avr8/avr8-gnu-toolchain/bin/../lib/gcc/avr/4.9.2/avrxmega6\libgcc.a(_umulhisi3.o)
 .text.libgcc.fmul
                0x00000000        0x0 e:/program files (x86)/atmel/studio/7.0/toolchain/avr8/avr8-gnu-toolchain/bin/../lib/gcc/avr/4.9.2/avrxmega6\libgcc.a(_umulhisi3.o)
 .text.libgcc.fixed
                0x00000000        0x0 e:/program files (x86)/atmel/studio/7.0/toolchain/avr8/avr8-gnu-toolchain/bin/../lib/gcc/avr/4.9.2/avrxmega6\libgcc.a(_umulhisi3.o)

Memory Configuration

Name             Origin             Length             Attributes
text             0x00000000         0x00100000         xr
data             0x00802000         0x0000ffa0         rw !x
eeprom           0x00810000         0x00010000         rw !x
fuse             0x00820000         0x00000006         rw !x
lock             0x00830000         0x00000400         rw !x
signature        0x00840000         0x00000400         rw !x
user_signatures  0x00850000         0x00000400         rw !x
*default*        0x00000000         0xffffffff

Linker script and memory map

LOAD E:/Program Files (x86)/Atmel/Studio/7.0/Packs/atmel/XMEGAA_DFP/1.1.63/gcc/dev/atxmega128a3/avrxmega6/crtatxmega128a3.o
LOAD src/EnkoderIOdchylenia.o
LOAD src/FunkcjePrzyMain.o
LOAD src/hd44780.o
LOAD src/LiczenieKrokow.o
LOAD src/ObslugaPrzerwan.o
LOAD src/RampaRuchu.o
LOAD src/RegulatorPID.o
LOAD src/silnik.o
LOAD src/Wahadlo.o
LOAD src/ZmienneGlobalne.o
LOAD src/ASF/common/boards/user_board/init.o
START GROUP
LOAD e:/program files (x86)/atmel/studio/7.0/toolchain/avr8/avr8-gnu-toolchain/bin/../lib/gcc/avr/4.9.2/../../../../avr/lib/avrxmega6\libm.a
END GROUP
START GROUP
LOAD e:/program files (x86)/atmel/studio/7.0/toolchain/avr8/avr8-gnu-toolchain/bin/../lib/gcc/avr/4.9.2/avrxmega6\libgcc.a
LOAD e:/program files (x86)/atmel/studio/7.0/toolchain/avr8/avr8-gnu-toolchain/bin/../lib/gcc/avr/4.9.2/../../../../avr/lib/avrxmega6\libm.a
LOAD e:/program files (x86)/atmel/studio/7.0/toolchain/avr8/avr8-gnu-toolchain/bin/../lib/gcc/avr/4.9.2/../../../../avr/lib/avrxmega6\libc.a
LOAD E:/Program Files (x86)/Atmel/Studio/7.0/Packs/atmel/XMEGAA_DFP/1.1.63/gcc/dev/atxmega128a3/avrxmega6\libatxmega128a3.a
END GROUP
                0x00100000                __TEXT_REGION_LENGTH__ = DEFINED (__TEXT_REGION_LENGTH__)?__TEXT_REGION_LENGTH__:0x100000
                0x0000ffa0                __DATA_REGION_LENGTH__ = DEFINED (__DATA_REGION_LENGTH__)?__DATA_REGION_LENGTH__:0xffa0
                0x00010000                __EEPROM_REGION_LENGTH__ = DEFINED (__EEPROM_REGION_LENGTH__)?__EEPROM_REGION_LENGTH__:0x10000
                [0x00000006]                __FUSE_REGION_LENGTH__ = DEFINED (__FUSE_REGION_LENGTH__)?__FUSE_REGION_LENGTH__:0x400
                0x00000400                __LOCK_REGION_LENGTH__ = DEFINED (__LOCK_REGION_LENGTH__)?__LOCK_REGION_LENGTH__:0x400
                0x00000400                __SIGNATURE_REGION_LENGTH__ = DEFINED (__SIGNATURE_REGION_LENGTH__)?__SIGNATURE_REGION_LENGTH__:0x400
                0x00000400                __USER_SIGNATURE_REGION_LENGTH__ = DEFINED (__USER_SIGNATURE_REGION_LENGTH__)?__USER_SIGNATURE_REGION_LENGTH__:0x400

.hash
 *(.hash)

.dynsym
 *(.dynsym)

.dynstr
 *(.dynstr)

.gnu.version
 *(.gnu.version)

.gnu.version_d
 *(.gnu.version_d)

.gnu.version_r
 *(.gnu.version_r)

.rel.init
 *(.rel.init)

.rela.init
 *(.rela.init)

.rel.text
 *(.rel.text)
 *(.rel.text.*)
 *(.rel.gnu.linkonce.t*)

.rela.text
 *(.rela.text)
 *(.rela.text.*)
 *(.rela.gnu.linkonce.t*)

.rel.fini
 *(.rel.fini)

.rela.fini
 *(.rela.fini)

.rel.rodata
 *(.rel.rodata)
 *(.rel.rodata.*)
 *(.rel.gnu.linkonce.r*)

.rela.rodata
 *(.rela.rodata)
 *(.rela.rodata.*)
 *(.rela.gnu.linkonce.r*)

.rel.data
 *(.rel.data)
 *(.rel.data.*)
 *(.rel.gnu.linkonce.d*)

.rela.data
 *(.rela.data)
 *(.rela.data.*)
 *(.rela.gnu.linkonce.d*)

.rel.ctors
 *(.rel.ctors)

.rela.ctors
 *(.rela.ctors)

.rel.dtors
 *(.rel.dtors)

.rela.dtors
 *(.rela.dtors)

.rel.got
 *(.rel.got)

.rela.got
 *(.rela.got)

.rel.bss
 *(.rel.bss)

.rela.bss
 *(.rela.bss)

.rel.plt
 *(.rel.plt)

.rela.plt
 *(.rela.plt)

.text           0x00000000     0x101a
 *(.vectors)
 .vectors       0x00000000      0x1e8 E:/Program Files (x86)/Atmel/Studio/7.0/Packs/atmel/XMEGAA_DFP/1.1.63/gcc/dev/atxmega128a3/avrxmega6/crtatxmega128a3.o
                0x00000000                __vector_default
                0x00000000                __vectors
 *(.vectors)
 *(.progmem.gcc*)
                0x000001e8                . = ALIGN (0x2)
                0x000001e8                __trampolines_start = .
 *(.trampolines)
 .trampolines   0x000001e8        0x0 linker stubs
 *(.trampolines*)
                0x000001e8                __trampolines_end = .
 *libprintf_flt.a:*(.progmem.data)
 *libc.a:*(.progmem.data)
 *(.progmem*)
 .progmem.data.__c.3842
                0x000001e8        0x6 src/ObslugaPrzerwan.o
 .progmem.data.__c.3835
                0x000001ee        0x6 src/ObslugaPrzerwan.o
 .progmem.data.__c.3822
                0x000001f4        0x5 src/ObslugaPrzerwan.o
 .progmem.data.__c.3820
                0x000001f9        0x7 src/ObslugaPrzerwan.o
 .progmem.data.__c.3812
                0x00000200        0x5 src/ObslugaPrzerwan.o
 .progmem.data.__c.3810
                0x00000205        0x7 src/ObslugaPrzerwan.o
 .progmem.data.__c.3814
                0x0000020c        0x2 src/Wahadlo.o
 .progmem.data.__c.3812
                0x0000020e        0x2 src/Wahadlo.o
 .progmem.data.__c.3810
                0x00000210        0x2 src/Wahadlo.o
 .progmem.data.__c.3808
                0x00000212        0x2 src/Wahadlo.o
                0x00000214                . = ALIGN (0x2)
 *(.jumptables)
 *(.jumptables*)
 *(.lowtext)
 *(.lowtext*)
                0x00000214                __ctors_start = .
 *(.ctors)
                0x00000214                __ctors_end = .
                0x00000214                __dtors_start = .
 *(.dtors)
                0x00000214                __dtors_end = .
 SORT(*)(.ctors)
 SORT(*)(.dtors)
 *(.init0)
 .init0         0x00000214        0x0 E:/Program Files (x86)/Atmel/Studio/7.0/Packs/atmel/XMEGAA_DFP/1.1.63/gcc/dev/atxmega128a3/avrxmega6/crtatxmega128a3.o
                0x00000214                __init
 *(.init0)
 *(.init1)
 *(.init1)
 *(.init2)
 .init2         0x00000214       0x10 E:/Program Files (x86)/Atmel/Studio/7.0/Packs/atmel/XMEGAA_DFP/1.1.63/gcc/dev/atxmega128a3/avrxmega6/crtatxmega128a3.o
 *(.init2)
 *(.init3)
 *(.init3)
 *(.init4)
 .init4         0x00000224       0x10 e:/program files (x86)/atmel/studio/7.0/toolchain/avr8/avr8-gnu-toolchain/bin/../lib/gcc/avr/4.9.2/avrxmega6\libgcc.a(_clear_bss.o)
                0x00000224                __do_clear_bss
 *(.init4)
 *(.init5)
 *(.init5)
 *(.init6)
 *(.init6)
 *(.init7)
 *(.init7)
 *(.init8)
 *(.init8)
 *(.init9)
 .init9         0x00000234        0x4 E:/Program Files (x86)/Atmel/Studio/7.0/Packs/atmel/XMEGAA_DFP/1.1.63/gcc/dev/atxmega128a3/avrxmega6/crtatxmega128a3.o
 *(.init9)
 *(.text)
 .text          0x00000238        0x2 E:/Program Files (x86)/Atmel/Studio/7.0/Packs/atmel/XMEGAA_DFP/1.1.63/gcc/dev/atxmega128a3/avrxmega6/crtatxmega128a3.o
                0x00000238                __vector_38
                0x00000238                __vector_104
                0x00000238                __vector_22
                0x00000238                __vector_63
                0x00000238                __vector_28
                0x00000238                __vector_67
                0x00000238                __vector_1
                0x00000238                __vector_119
                0x00000238                __vector_32
                0x00000238                __vector_75
                0x00000238                __vector_71
                0x00000238                __vector_91
                0x00000238                __vector_34
                0x00000238                __vector_62
                0x00000238                __vector_77
                0x00000238                __vector_102
                0x00000238                __vector_24
                0x00000238                __vector_12
                0x00000238                __vector_55
                0x00000238                __vector_69
                0x00000238                __vector_81
                0x00000238                __vector_90
                0x00000238                __vector_46
                0x00000238                __bad_interrupt
                0x00000238                __vector_72
                0x00000238                __vector_114
                0x00000238                __vector_6
                0x00000238                __vector_110
                0x00000238                __vector_31
                0x00000238                __vector_92
                0x00000238                __vector_35
                0x00000238                __vector_78
                0x00000238                __vector_74
                0x00000238                __vector_117
                0x00000238                __vector_39
                0x00000238                __vector_107
                0x00000238                __vector_3
                0x00000238                __vector_105
                0x00000238                __vector_98
                0x00000238                __vector_23
                0x00000238                __vector_68
                0x00000238                __vector_30
                0x00000238                __vector_73
                0x00000238                __vector_45
                0x00000238                __vector_25
                0x00000238                __vector_93
                0x00000238                __vector_61
                0x00000238                __vector_11
                0x00000238                __vector_54
                0x00000238                __vector_99
                0x00000238                __vector_13
                0x00000238                __vector_17
                0x00000238                __vector_19
                0x00000238                __vector_56
                0x00000238                __vector_7
                0x00000238                __vector_41
                0x00000238                __vector_86
                0x00000238                __vector_100
                0x00000238                __vector_101
                0x00000238                __vector_88
                0x00000238                __vector_109
                0x00000238                __vector_43
                0x00000238                __vector_27
                0x00000238                __vector_5
                0x00000238                __vector_113
                0x00000238                __vector_33
                0x00000238                __vector_76
                0x00000238                __vector_115
                0x00000238                __vector_47
                0x00000238                __vector_37
                0x00000238                __vector_95
                0x00000238                __vector_103
                0x00000238                __vector_96
                0x00000238                __vector_89
                0x00000238                __vector_108
                0x00000238                __vector_4
                0x00000238                __vector_44
                0x00000238                __vector_82
                0x00000238                __vector_106
                0x00000238                __vector_118
                0x00000238                __vector_9
                0x00000238                __vector_2
                0x00000238                __vector_21
                0x00000238                __vector_15
                0x00000238                __vector_66
                0x00000238                __vector_36
                0x00000238                __vector_79
                0x00000238                __vector_58
                0x00000238                __vector_70
                0x00000238                __vector_83
                0x00000238                __vector_29
                0x00000238                __vector_60
                0x00000238                __vector_121
                0x00000238                __vector_40
                0x00000238                __vector_85
                0x00000238                __vector_94
                0x00000238                __vector_8
                0x00000238                __vector_26
                0x00000238                __vector_48
                0x00000238                __vector_116
                0x00000238                __vector_112
                0x00000238                __vector_111
                0x00000238                __vector_80
                0x00000238                __vector_14
                0x00000238                __vector_84
                0x00000238                __vector_57
                0x00000238                __vector_53
                0x00000238                __vector_10
                0x00000238                __vector_16
                0x00000238                __vector_59
                0x00000238                __vector_18
                0x00000238                __vector_97
                0x00000238                __vector_42
                0x00000238                __vector_87
                0x00000238                __vector_120
                0x0000023a                . = ALIGN (0x2)
 *(.text.*)
 .text.init_enkoder
                0x0000023a       0x26 src/EnkoderIOdchylenia.o
                0x0000023a                init_enkoder
 .text.Osc32MHz
                0x00000260       0x1c src/FunkcjePrzyMain.o
                0x00000260                Osc32MHz
 .text.konfiguracja
                0x0000027c       0x16 src/FunkcjePrzyMain.o
                0x0000027c                konfiguracja
 .text.bazuj    0x00000292       0x5c src/FunkcjePrzyMain.o
                0x00000292                bazuj
 .text._lcd_OutNibble
                0x000002ee       0x4a src/hd44780.o
                0x000002ee                _lcd_OutNibble
 .text._lcd_Write
                0x00000338       0x3a src/hd44780.o
                0x00000338                _lcd_Write
 .text.LcdCommand
                0x00000372        0xa src/hd44780.o
                0x00000372                LcdCommand
 .text.LcdData  0x0000037c        0xa src/hd44780.o
                0x0000037c                LcdData
 .text.LcdWriteProgmem
                0x00000386       0x22 src/hd44780.o
                0x00000386                LcdWriteProgmem
 .text.LcdGoto  0x000003a8        0xe src/hd44780.o
                0x000003a8                LcdGoto
 .text.LcdClear
                0x000003b6       0x12 src/hd44780.o
                0x000003b6                LcdClear
 .text.LcdInit  0x000003c8       0x8e src/hd44780.o
                0x000003c8                LcdInit
 .text.LcdDec   0x00000456       0xa4 src/hd44780.o
                0x00000456                LcdDec
 .text.init_liczenie_krokow
                0x000004fa       0x4e src/LiczenieKrokow.o
                0x000004fa                init_liczenie_krokow
 .text.kierunek_liczenie_krokow
                0x00000548       0x16 src/LiczenieKrokow.o
                0x00000548                kierunek_liczenie_krokow
 .text.nadpisz_liczenie_krokow
                0x0000055e        0xa src/LiczenieKrokow.o
                0x0000055e                nadpisz_liczenie_krokow
 .text.wartosc_licznika_krokow
                0x00000568        0xa src/LiczenieKrokow.o
                0x00000568                wartosc_licznika_krokow
 .text.init_krancowki
                0x00000572       0x22 src/LiczenieKrokow.o
                0x00000572                init_krancowki
 .text.__vector_64
                0x00000594       0x30 src/ObslugaPrzerwan.o
                0x00000594                __vector_64
 .text.__vector_65
                0x000005c4       0x30 src/ObslugaPrzerwan.o
                0x000005c4                __vector_65
 .text.__vector_20
                0x000005f4       0xba src/ObslugaPrzerwan.o
                0x000005f4                __vector_20
 .text.__vector_49
                0x000006ae       0x54 src/ObslugaPrzerwan.o
                0x000006ae                __vector_49
 .text.__vector_50
                0x00000702       0x54 src/ObslugaPrzerwan.o
                0x00000702                __vector_50
 .text.__vector_51
                0x00000756       0x56 src/ObslugaPrzerwan.o
                0x00000756                __vector_51
 .text.__vector_52
                0x000007ac       0x54 src/ObslugaPrzerwan.o
                0x000007ac                __vector_52
 .text.R1_ustaw_wartosci_compare
                0x00000800       0x3a src/RampaRuchu.o
                0x00000800                R1_ustaw_wartosci_compare
 .text.R2_ustaw_wartosci_compare
                0x0000083a       0x78 src/RampaRuchu.o
                0x0000083a                R2_ustaw_wartosci_compare
 .text.Rampa_Jedz_Do_Pozycji
                0x000008b2       0x62 src/RampaRuchu.o
                0x000008b2                Rampa_Jedz_Do_Pozycji
 .text.RegulatorPID
                0x00000914       0xc6 src/RegulatorPID.o
                0x00000914                RegulatorPID
 .text.przelicz_predkosc_na_compare
                0x000009da       0x30 src/silnik.o
                0x000009da                przelicz_predkosc_na_compare
 .text.przelicz_compare_na_predkosc
                0x00000a0a       0x1a src/silnik.o
                0x00000a0a                przelicz_compare_na_predkosc
 .text.init_silnik
                0x00000a24       0x1e src/silnik.o
                0x00000a24                init_silnik
 .text.wlacz_silnik
                0x00000a42        0x8 src/silnik.o
                0x00000a42                wlacz_silnik
 .text.kierunek_silnik
                0x00000a4a       0x18 src/silnik.o
                0x00000a4a                kierunek_silnik
 .text.ustaw_predkosc_silnik
                0x00000a62        0xc src/silnik.o
                0x00000a62                ustaw_predkosc_silnik
 .text.init_przyspieszanie
                0x00000a6e       0x18 src/silnik.o
                0x00000a6e                init_przyspieszanie
 .text.wlacz_licznik_przyspieszania
                0x00000a86        0x8 src/silnik.o
                0x00000a86                wlacz_licznik_przyspieszania
 .text.wylacz_licznik_przyspieszania
                0x00000a8e        0xc src/silnik.o
                0x00000a8e                wylacz_licznik_przyspieszania
 .text.wylacz_silnik
                0x00000a9a        0xe src/silnik.o
                0x00000a9a                wylacz_silnik
 .text.wlacz_silnik_z_przyspieszaniem
                0x00000aa8       0x18 src/silnik.o
                0x00000aa8                wlacz_silnik_z_przyspieszaniem
 .text.main     0x00000ac0      0x1f0 src/Wahadlo.o
                0x00000ac0                main
 .text.avr-libc.fplib
                0x00000cb0        0xa e:/program files (x86)/atmel/studio/7.0/toolchain/avr8/avr8-gnu-toolchain/bin/../lib/gcc/avr/4.9.2/../../../../avr/lib/avrxmega6\libm.a(addsf3.o)
                0x00000cb0                __subsf3
                0x00000cb2                __addsf3
 .text.avr-libc.fplib
                0x00000cba       0xc0 e:/program files (x86)/atmel/studio/7.0/toolchain/avr8/avr8-gnu-toolchain/bin/../lib/gcc/avr/4.9.2/../../../../avr/lib/avrxmega6\libm.a(addsf3x.o)
                0x00000cd4                __addsf3x
 .text.avr-libc.fplib
                0x00000d7a       0x58 e:/program files (x86)/atmel/studio/7.0/toolchain/avr8/avr8-gnu-toolchain/bin/../lib/gcc/avr/4.9.2/../../../../avr/lib/avrxmega6\libm.a(fixunssfsi.o)
                0x00000d7a                __fixunssfsi
 .text.avr-libc.fplib
                0x00000dd2       0x7a e:/program files (x86)/atmel/studio/7.0/toolchain/avr8/avr8-gnu-toolchain/bin/../lib/gcc/avr/4.9.2/../../../../avr/lib/avrxmega6\libm.a(floatsisf.o)
                0x00000dd2                __floatunsisf
                0x00000dd6                __floatsisf
 .text.avr-libc.fplib
                0x00000e4c        0xc e:/program files (x86)/atmel/studio/7.0/toolchain/avr8/avr8-gnu-toolchain/bin/../lib/gcc/avr/4.9.2/../../../../avr/lib/avrxmega6\libm.a(fp_inf.o)
                0x00000e4c                __fp_inf
 .text.avr-libc.fplib
                0x00000e58        0x6 e:/program files (x86)/atmel/studio/7.0/toolchain/avr8/avr8-gnu-toolchain/bin/../lib/gcc/avr/4.9.2/../../../../avr/lib/avrxmega6\libm.a(fp_nan.o)
                0x00000e58                __fp_nan
 .text.avr-libc.fplib
                0x00000e5e        0xe e:/program files (x86)/atmel/studio/7.0/toolchain/avr8/avr8-gnu-toolchain/bin/../lib/gcc/avr/4.9.2/../../../../avr/lib/avrxmega6\libm.a(fp_pscA.o)
                0x00000e5e                __fp_pscA
 .text.avr-libc.fplib
                0x00000e6c        0xe e:/program files (x86)/atmel/studio/7.0/toolchain/avr8/avr8-gnu-toolchain/bin/../lib/gcc/avr/4.9.2/../../../../avr/lib/avrxmega6\libm.a(fp_pscB.o)
                0x00000e6c                __fp_pscB
 .text.avr-libc.fplib
                0x00000e7a       0x22 e:/program files (x86)/atmel/studio/7.0/toolchain/avr8/avr8-gnu-toolchain/bin/../lib/gcc/avr/4.9.2/../../../../avr/lib/avrxmega6\libm.a(fp_round.o)
                0x00000e7a                __fp_round
 .text.avr-libc.fplib
                0x00000e9c       0x44 e:/program files (x86)/atmel/studio/7.0/toolchain/avr8/avr8-gnu-toolchain/bin/../lib/gcc/avr/4.9.2/../../../../avr/lib/avrxmega6\libm.a(fp_split3.o)
                0x00000e9c                __fp_split3
                0x00000eac                __fp_splitA
 .text.avr-libc.fplib
                0x00000ee0        0xe e:/program files (x86)/atmel/studio/7.0/toolchain/avr8/avr8-gnu-toolchain/bin/../lib/gcc/avr/4.9.2/../../../../avr/lib/avrxmega6\libm.a(fp_zero.o)
                0x00000ee0                __fp_zero
                0x00000ee2                __fp_szero
 .text.avr-libc.fplib
                0x00000eee        0x4 e:/program files (x86)/atmel/studio/7.0/toolchain/avr8/avr8-gnu-toolchain/bin/../lib/gcc/avr/4.9.2/../../../../avr/lib/avrxmega6\libm.a(mulsf3.o)
                0x00000eee                __mulsf3
 .text.avr-libc.fplib
                0x00000ef2       0xc2 e:/program files (x86)/atmel/studio/7.0/toolchain/avr8/avr8-gnu-toolchain/bin/../lib/gcc/avr/4.9.2/../../../../avr/lib/avrxmega6\libm.a(mulsf3x.o)
                0x00000f06                __mulsf3x
                0x00000f0a                __mulsf3_pse
 .text.libgcc.div
                0x00000fb4       0x44 e:/program files (x86)/atmel/studio/7.0/toolchain/avr8/avr8-gnu-toolchain/bin/../lib/gcc/avr/4.9.2/avrxmega6\libgcc.a(_udivmodsi4.o)
                0x00000fb4                __udivmodsi4
 .text.libgcc.mul
                0x00000ff8       0x1e e:/program files (x86)/atmel/studio/7.0/toolchain/avr8/avr8-gnu-toolchain/bin/../lib/gcc/avr/4.9.2/avrxmega6\libgcc.a(_umulhisi3.o)
                0x00000ff8                __umulhisi3
                0x00001016                . = ALIGN (0x2)
 *(.fini9)
 .fini9         0x00001016        0x0 e:/program files (x86)/atmel/studio/7.0/toolchain/avr8/avr8-gnu-toolchain/bin/../lib/gcc/avr/4.9.2/avrxmega6\libgcc.a(_exit.o)
                0x00001016                _exit
                0x00001016                exit
 *(.fini9)
 *(.fini8)
 *(.fini8)
 *(.fini7)
 *(.fini7)
 *(.fini6)
 *(.fini6)
 *(.fini5)
 *(.fini5)
 *(.fini4)
 *(.fini4)
 *(.fini3)
 *(.fini3)
 *(.fini2)
 *(.fini2)
 *(.fini1)
 *(.fini1)
 *(.fini0)
 .fini0         0x00001016        0x4 e:/program files (x86)/atmel/studio/7.0/toolchain/avr8/avr8-gnu-toolchain/bin/../lib/gcc/avr/4.9.2/avrxmega6\libgcc.a(_exit.o)
 *(.fini0)
                0x0000101a                _etext = .

.data           0x00802000        0x0 load address 0x0000101a
                [!provide]                PROVIDE (__data_start, .)
 *(.data)
 *(.data*)
 *(.rodata)
 *(.rodata*)
 *(.gnu.linkonce.d*)
                0x00802000                . = ALIGN (0x2)
                0x00802000                _edata = .
                [!provide]                PROVIDE (__data_end, .)

.bss            0x00802000        0xa
                0x00802000                PROVIDE (__bss_start, .)
 *(.bss)
 *(.bss*)
 .bss.u_p.3817  0x00802000        0x4 src/RegulatorPID.o
 .bss.su.3818   0x00802004        0x4 src/RegulatorPID.o
 *(COMMON)
 COMMON         0x00802008        0x2 src/ZmienneGlobalne.o
                0x00802008                GLOB_kierunek_zmiany_predkosci
                0x00802009                GLOB_flaga_rampa_pozycja_osiagnieta
                0x0080200a                PROVIDE (__bss_end, .)
                0x0000101a                __data_load_start = LOADADDR (.data)
                0x0000101a                __data_load_end = (__data_load_start + SIZEOF (.data))

.noinit         0x0080200a        0x0
                [!provide]                PROVIDE (__noinit_start, .)
 *(.noinit*)
                [!provide]                PROVIDE (__noinit_end, .)
                0x0080200a                _end = .
                [!provide]                PROVIDE (__heap_start, .)

.eeprom         0x00810000        0x0
 *(.eeprom*)
                0x00810000                __eeprom_end = .

.fuse
 *(.fuse)
 *(.lfuse)
 *(.hfuse)
 *(.efuse)

.lock
 *(.lock*)

.signature
 *(.signature*)

.user_signatures
 *(.user_signatures*)

.stab
 *(.stab)

.stabstr
 *(.stabstr)

.stab.excl
 *(.stab.excl)

.stab.exclstr
 *(.stab.exclstr)

.stab.index
 *(.stab.index)

.stab.indexstr
 *(.stab.indexstr)

.comment        0x00000000       0x30
 *(.comment)
 .comment       0x00000000       0x30 src/EnkoderIOdchylenia.o
                                 0x31 (size before relaxing)
 .comment       0x00000030       0x31 src/FunkcjePrzyMain.o
 .comment       0x00000030       0x31 src/hd44780.o
 .comment       0x00000030       0x31 src/LiczenieKrokow.o
 .comment       0x00000030       0x31 src/ObslugaPrzerwan.o
 .comment       0x00000030       0x31 src/RampaRuchu.o
 .comment       0x00000030       0x31 src/RegulatorPID.o
 .comment       0x00000030       0x31 src/silnik.o
 .comment       0x00000030       0x31 src/Wahadlo.o
 .comment       0x00000030       0x31 src/ZmienneGlobalne.o

.note.gnu.avr.deviceinfo
                0x00000000       0x40
 .note.gnu.avr.deviceinfo
                0x00000000       0x40 E:/Program Files (x86)/Atmel/Studio/7.0/Packs/atmel/XMEGAA_DFP/1.1.63/gcc/dev/atxmega128a3/avrxmega6/crtatxmega128a3.o

.note.gnu.build-id
 *(.note.gnu.build-id)

.debug
 *(.debug)

.line
 *(.line)

.debug_srcinfo
 *(.debug_srcinfo)

.debug_sfnames
 *(.debug_sfnames)

.debug_aranges  0x00000000      0x278
 *(.debug_aranges)
 .debug_aranges
                0x00000000       0x38 src/EnkoderIOdchylenia.o
 .debug_aranges
                0x00000038       0x30 src/FunkcjePrzyMain.o
 .debug_aranges
                0x00000068       0x68 src/hd44780.o
 .debug_aranges
                0x000000d0       0x48 src/LiczenieKrokow.o
 .debug_aranges
                0x00000118       0x50 src/ObslugaPrzerwan.o
 .debug_aranges
                0x00000168       0x48 src/RampaRuchu.o
 .debug_aranges
                0x000001b0       0x20 src/RegulatorPID.o
 .debug_aranges
                0x000001d0       0x70 src/silnik.o
 .debug_aranges
                0x00000240       0x20 src/Wahadlo.o
 .debug_aranges
                0x00000260       0x18 src/ZmienneGlobalne.o

.debug_pubnames
 *(.debug_pubnames)

.debug_info     0x00000000     0x89c3
 *(.debug_info .gnu.linkonce.wi.*)
 .debug_info    0x00000000     0x2c3e E:/Program Files (x86)/Atmel/Studio/7.0/Packs/atmel/XMEGAA_DFP/1.1.63/gcc/dev/atxmega128a3/avrxmega6/crtatxmega128a3.o
 .debug_info    0x00002c3e      0xfa6 src/EnkoderIOdchylenia.o
 .debug_info    0x00003be4      0x543 src/FunkcjePrzyMain.o
 .debug_info    0x00004127      0x767 src/hd44780.o
 .debug_info    0x0000488e      0xf4c src/LiczenieKrokow.o
 .debug_info    0x000057da      0xe5d src/ObslugaPrzerwan.o
 .debug_info    0x00006637      0x93f src/RampaRuchu.o
 .debug_info    0x00006f76      0x146 src/RegulatorPID.o
 .debug_info    0x000070bc      0x988 src/silnik.o
 .debug_info    0x00007a44      0xee5 src/Wahadlo.o
 .debug_info    0x00008929       0x9a src/ZmienneGlobalne.o

.debug_abbrev   0x00000000     0x37d9
 *(.debug_abbrev)
 .debug_abbrev  0x00000000     0x29e6 E:/Program Files (x86)/Atmel/Studio/7.0/Packs/atmel/XMEGAA_DFP/1.1.63/gcc/dev/atxmega128a3/avrxmega6/crtatxmega128a3.o
 .debug_abbrev  0x000029e6      0x1d5 src/EnkoderIOdchylenia.o
 .debug_abbrev  0x00002bbb      0x156 src/FunkcjePrzyMain.o
 .debug_abbrev  0x00002d11      0x1f7 src/hd44780.o
 .debug_abbrev  0x00002f08      0x143 src/LiczenieKrokow.o
 .debug_abbrev  0x0000304b      0x15c src/ObslugaPrzerwan.o
 .debug_abbrev  0x000031a7      0x1c4 src/RampaRuchu.o
 .debug_abbrev  0x0000336b       0xa1 src/RegulatorPID.o
 .debug_abbrev  0x0000340c      0x199 src/silnik.o
 .debug_abbrev  0x000035a5      0x1e6 src/Wahadlo.o
 .debug_abbrev  0x0000378b       0x4e src/ZmienneGlobalne.o

.debug_line     0x00000000     0x2aac
 *(.debug_line .debug_line.* .debug_line_end)
 .debug_line    0x00000000      0x37f E:/Program Files (x86)/Atmel/Studio/7.0/Packs/atmel/XMEGAA_DFP/1.1.63/gcc/dev/atxmega128a3/avrxmega6/crtatxmega128a3.o
 .debug_line    0x0000037f      0x388 src/EnkoderIOdchylenia.o
 .debug_line    0x00000707      0x3e5 src/FunkcjePrzyMain.o
 .debug_line    0x00000aec      0x559 src/hd44780.o
 .debug_line    0x00001045      0x3e0 src/LiczenieKrokow.o
 .debug_line    0x00001425      0x451 src/ObslugaPrzerwan.o
 .debug_line    0x00001876      0x406 src/RampaRuchu.o
 .debug_line    0x00001c7c      0x32e src/RegulatorPID.o
 .debug_line    0x00001faa      0x45c src/silnik.o
 .debug_line    0x00002406      0x3b5 src/Wahadlo.o
 .debug_line    0x000027bb      0x2f1 src/ZmienneGlobalne.o

.debug_frame    0x00000000      0x65c
 *(.debug_frame)
 .debug_frame   0x00000000       0x54 src/EnkoderIOdchylenia.o
 .debug_frame   0x00000054       0x44 src/FunkcjePrzyMain.o
 .debug_frame   0x00000098      0x130 src/hd44780.o
 .debug_frame   0x000001c8       0x74 src/LiczenieKrokow.o
 .debug_frame   0x0000023c      0x20c src/ObslugaPrzerwan.o
 .debug_frame   0x00000448       0xcc src/RampaRuchu.o
 .debug_frame   0x00000514       0x60 src/RegulatorPID.o
 .debug_frame   0x00000574       0xc4 src/silnik.o
 .debug_frame   0x00000638       0x24 src/Wahadlo.o

.debug_str      0x00000000    0x1bd0d
 *(.debug_str)
 .debug_str     0x00000000     0x1d78 E:/Program Files (x86)/Atmel/Studio/7.0/Packs/atmel/XMEGAA_DFP/1.1.63/gcc/dev/atxmega128a3/avrxmega6/crtatxmega128a3.o
 .debug_str     0x00001d78    0x19698 src/EnkoderIOdchylenia.o
                              0x19be0 (size before relaxing)
 .debug_str     0x0001b410      0x1e6 src/FunkcjePrzyMain.o
                              0x18a0f (size before relaxing)
 .debug_str     0x0001b5f6       0xde src/hd44780.o
                              0x1880f (size before relaxing)
 .debug_str     0x0001b6d4      0x31b src/LiczenieKrokow.o
                              0x19c14 (size before relaxing)
 .debug_str     0x0001b9ef      0x150 src/ObslugaPrzerwan.o
                              0x18a87 (size before relaxing)
 .debug_str     0x0001bb3f       0xe7 src/RampaRuchu.o
                              0x18a1e (size before relaxing)
 .debug_str     0x0001bc26       0x3a src/RegulatorPID.o
                              0x1862e (size before relaxing)
 .debug_str     0x0001bc60       0x7e src/silnik.o
                              0x18cd3 (size before relaxing)
 .debug_str     0x0001bcde       0x16 src/Wahadlo.o
                              0x18aa0 (size before relaxing)
 .debug_str     0x0001bcf4       0x19 src/ZmienneGlobalne.o
                              0x1864f (size before relaxing)

.debug_loc      0x00000000      0xed6
 *(.debug_loc)
 .debug_loc     0x00000000       0x44 src/EnkoderIOdchylenia.o
 .debug_loc     0x00000044      0x423 src/hd44780.o
 .debug_loc     0x00000467       0x21 src/LiczenieKrokow.o
 .debug_loc     0x00000488      0x46f src/ObslugaPrzerwan.o
 .debug_loc     0x000008f7      0x375 src/RampaRuchu.o
 .debug_loc     0x00000c6c      0x175 src/RegulatorPID.o
 .debug_loc     0x00000de1       0xf5 src/silnik.o

.debug_macinfo
 *(.debug_macinfo)

.debug_weaknames
 *(.debug_weaknames)

.debug_funcnames
 *(.debug_funcnames)

.debug_typenames
 *(.debug_typenames)

.debug_varnames
 *(.debug_varnames)

.debug_pubtypes
 *(.debug_pubtypes)

.debug_ranges   0x00000000      0x1e8
 *(.debug_ranges)
 .debug_ranges  0x00000000       0x28 src/EnkoderIOdchylenia.o
 .debug_ranges  0x00000028       0x20 src/FunkcjePrzyMain.o
 .debug_ranges  0x00000048       0x70 src/hd44780.o
 .debug_ranges  0x000000b8       0x38 src/LiczenieKrokow.o
 .debug_ranges  0x000000f0       0x40 src/ObslugaPrzerwan.o
 .debug_ranges  0x00000130       0x38 src/RampaRuchu.o
 .debug_ranges  0x00000168       0x10 src/RegulatorPID.o
 .debug_ranges  0x00000178       0x60 src/silnik.o
 .debug_ranges  0x000001d8       0x10 src/Wahadlo.o

.debug_macro    0x00000000     0x6f76
 *(.debug_macro)
 .debug_macro   0x00000000       0xfd src/EnkoderIOdchylenia.o
 .debug_macro   0x000000fd      0xa78 src/EnkoderIOdchylenia.o
 .debug_macro   0x00000b75       0x10 src/EnkoderIOdchylenia.o
 .debug_macro   0x00000b85       0x10 src/EnkoderIOdchylenia.o
 .debug_macro   0x00000b95      0x1c9 src/EnkoderIOdchylenia.o
 .debug_macro   0x00000d5e      0x2fc src/EnkoderIOdchylenia.o
 .debug_macro   0x0000105a       0x9e src/EnkoderIOdchylenia.o
 .debug_macro   0x000010f8     0x4e04 src/EnkoderIOdchylenia.o
 .debug_macro   0x00005efc       0x9a src/EnkoderIOdchylenia.o
 .debug_macro   0x00005f96       0xf1 src/EnkoderIOdchylenia.o
 .debug_macro   0x00006087       0x34 src/EnkoderIOdchylenia.o
 .debug_macro   0x000060bb       0x10 src/EnkoderIOdchylenia.o
 .debug_macro   0x000060cb       0x18 src/EnkoderIOdchylenia.o
 .debug_macro   0x000060e3       0x5e src/EnkoderIOdchylenia.o
 .debug_macro   0x00006141       0x69 src/EnkoderIOdchylenia.o
 .debug_macro   0x000061aa       0x10 src/EnkoderIOdchylenia.o
 .debug_macro   0x000061ba      0x166 src/EnkoderIOdchylenia.o
 .debug_macro   0x00006320       0x84 src/EnkoderIOdchylenia.o
 .debug_macro   0x000063a4       0x10 src/EnkoderIOdchylenia.o
 .debug_macro   0x000063b4       0x89 src/EnkoderIOdchylenia.o
 .debug_macro   0x0000643d      0x17b src/EnkoderIOdchylenia.o
 .debug_macro   0x000065b8       0xe8 src/EnkoderIOdchylenia.o
 .debug_macro   0x000066a0       0xfd src/FunkcjePrzyMain.o
 .debug_macro   0x0000679d       0xee src/hd44780.o
 .debug_macro   0x0000688b       0xfd src/LiczenieKrokow.o
 .debug_macro   0x00006988       0xfd src/ObslugaPrzerwan.o
 .debug_macro   0x00006a85       0xfd src/RampaRuchu.o
 .debug_macro   0x00006b82       0xfd src/RegulatorPID.o
 .debug_macro   0x00006c7f       0xfd src/silnik.o
 .debug_macro   0x00006d7c       0xfd src/Wahadlo.o
 .debug_macro   0x00006e79       0xfd src/ZmienneGlobalne.o
OUTPUT(WahadelkoGda.elf elf32-avr)
LOAD linker stubs
